{
    "Test Qc subworkflow": {
        "content": [
            [
                [
                    {
                        "id": "test"
                    },
                    [
                        "fig01_barplot_MS1_MS2.plotly.json:md5,a51fcc3ac87d0333e5d95b1350c4d4f0",
                        "fig02_barplot_PSMs_peptides_proteins.plotly.json:md5,be2151aaf8e61e19addf315fdbb2ca9d",
                        "fig03_barplot_features.plotly.json:md5,3211b8309535be10a02092644c5710af",
                        "fig04_MS1_TIC_overlay.plotly.json:md5,dfe611c444c9ee0b64dab5460a7cf1f0",
                        "fig05_barplot_TIC_quartiles.plotly.json:md5,9ddacd575bbc11b18e9983c02f720e0a",
                        "fig06_barplot_MS1_TIC_quartiles.plotly.json:md5,bed37daa28998833027b463fba8c05b6",
                        "fig07_barplot_MS2_TIC_quartiles.plotly.json:md5,8d0f3fc592cf7f5b71e75a43b4f578d5",
                        "fig08_barplot_precursor_charge.plotly.json:md5,5506461cc277cd06350799f8cd6b990e",
                        "fig09_barplot_PSM_charge.plotly.json:md5,28c26b9b2d1449c8a495c50053f7c0eb",
                        "fig10_barplot_PSM_missedcleavages.plotly.json:md5,6fef43cd47a4330c11619117670f6140",
                        "fig11a_PCA_raw.plotly.json:md5,1979036f8ed9ff395810e7135088c401",
                        "fig11b_Loadings_raw.plotly.json:md5,8437dddf051436448ff2e945d1e39e22",
                        "fig12a_PCA_all.plotly.json:md5,14db11aa182a7d835362884a16e45508",
                        "fig12b_Loadings_all.plotly.json:md5,8437dddf051436448ff2e945d1e39e22",
                        "fig14_Pump_pressure.plotly.json:md5,31a4f9d13b2f4a3ca928de2b1d61dcbe",
                        "fig15_PSM_error_boxplots.plotly.json:md5,14ddbc919321273b2cbba8aefd627bdf"
                    ]
                ]
            ],
            [
                [
                    {
                        "id": "test"
                    },
                    [
                        "00_table_summary.csv:md5,6cb9c585f42e9f579996615c37c18c33",
                        "99_hdf5_feature_table.csv:md5,a11c05737c6afc1cc79b2498ed51f1d9",
                        "fig11c_table_loadings_raw.csv:md5,48dcfda8d22897971da986a1338668a9",
                        "fig12c_table_loadings_raw.csv:md5,9fad14f29a238a597fe54fc9e83b2710"
                    ]
                ]
            ],
            [
                [
                    {
                        "id": "test"
                    },
                    [
                        "fig13_MS1_map_EXII01980std.png:md5,157ff82747ee6d77cda4e60bab97493f",
                        "fig13_MS1_map_EXII01990std.png:md5,d103f7b151cd63d0e38ededbf310a5df"
                    ]
                ]
            ],
            [
                [
                    {
                        "id": "test"
                    },
                    [
                        "EXTRA_IonInjectionTimemsMS1filtered.plotly.json:md5,266b872a9e4702b3728528a787ef1ab6",
                        "EXTRA_LMSearchWindowmmu.plotly.json:md5,bb2fcb0986460ce4b94be186afca17b0",
                        "EXTRA_LMSearchWindowppm.plotly.json:md5,db7c7944c49f0e72b6cb436fbcf71153",
                        "EXTRA_LMmzCorrectionppmLMCorrectionMS1filtered.plotly.json:md5,f002969dd38d0a9a653d429e93e73897",
                        "EXTRA_LastLockingsec.plotly.json:md5,5958722e6d807db843897a4fb8914a4f",
                        "EXTRA_LockMass1mz.plotly.json:md5,db61242887f2203f6fead23dd84926ae",
                        "EXTRA_LockMass2mz.plotly.json:md5,a74b8b95138d2e9e9c9943fceda4bd1c",
                        "EXTRA_LockMass3mz.plotly.json:md5,df2e97f6a962e9ec268814bc30743df9",
                        "EXTRA_NumberofLockMasses.plotly.json:md5,8b286b5c4dde46bda6526c929cc7ab6b",
                        "LOG_AmbienttempC.plotly.json:md5,dc26371f3e9181de2993702ea74e4f50",
                        "LOG_CPUcoretempC.plotly.json:md5,80bccaa00d9b0adf7ec605d903dd2085",
                        "LOG_DetectortempC.plotly.json:md5,af80060e669a24d46b84baedbb16b042",
                        "LOG_InnerElectrodeTempC.plotly.json:md5,a668979fcaf4cbc2c905aebee24c0a38",
                        "LOG_IonTransferTubeTemperatureC.plotly.json:md5,4c54035a7acacdbdca98011522394f2c",
                        "LOG_IontrtubetempC.plotly.json:md5,a62bd5d361a7b55d067733054e13e2cc",
                        "LOG_MCBAmbientTempC.plotly.json:md5,16c8eda6591488d23e3438b4a65f3f9a",
                        "LOG_MCBPCBTempC.plotly.json:md5,a03763339d21d1336b1020822e32c8d3",
                        "LOG_OrbitrapblocktempC.plotly.json:md5,4808d564c2a0dbafeda69fbe2b5fed6f",
                        "LOG_OuterElectrode1TempC.plotly.json:md5,5382af168aa2ccfd31cd92eb955c8c6c",
                        "LOG_OuterElectrode2TempC.plotly.json:md5,3477acdc3bac57d43a9009a1b70705f5",
                        "LOG_PCBtempbottomC.plotly.json:md5,26c9d3aac5339c7474c0eae7fcb643a4",
                        "LOG_PCBtempcenterC.plotly.json:md5,613fd566bd79bc0e231f910b4fc72872",
                        "LOG_PCBtemptopC.plotly.json:md5,1d39cca20726049a068fb6d76d7ec6c3",
                        "LOG_TXPCBtemperatureC.plotly.json:md5,721c15e8b824f10243a4275e121c689e",
                        "LOG_VaporizerTemperatureC.plotly.json:md5,0b4ebeefa2c76381ee19b4e352b92608",
                        "LOG_VaporizertempC.plotly.json:md5,7dbc47415008dee821c55b0c7c01fcf7"
                    ]
                ]
            ],
            null
        ],
        "timestamp": "2026-07-31T11:12:20.601763826",
        "meta": {
            "nf-test": "0.9.5",
            "nextflow": "26.04.6"
        }
    }
}