{
    "pia-compilexml - stub": {
        "content": [
            "test.pia.xml:md5,d41d8cd98f00b204e9800998ecf8427e"
        ],
        "timestamp": "2026-09-09T13:04:59.467014071",
        "meta": {
            "nf-test": "0.9.5",
            "nextflow": "26.04.6"
        }
    },
    "pia.xml-filename-and-elementcount": {
        "content": [
            "test.pia.xml",
            438,
            360,
            399
        ],
        "timestamp": "2026-09-09T13:03:46.356595681",
        "meta": {
            "nf-test": "0.9.5",
            "nextflow": "26.04.6"
        }
    },
    "pia.xml-AnalysisProtocolCollection": {
        "content": [
            [
                "<AnalysisProtocolCollection>",
                "<mzid:SpectrumIdentificationProtocol analysisSoftware_ref=\"software_1\" id=\"identProtocol_1_1\">",
                "<mzid:SearchType>",
                "<mzid:cvParam cvRef=\"PSI-MS\" accession=\"MS:1001083\" name=\"ms-ms search\"></mzid:cvParam>",
                "</mzid:SearchType>",
                "<mzid:AdditionalSearchParams>",
                "<mzid:cvParam cvRef=\"PSI-MS\" accession=\"MS:1001211\" name=\"parent mass type mono\"></mzid:cvParam>",
                "<mzid:cvParam cvRef=\"PSI-MS\" accession=\"MS:1001256\" name=\"fragment mass type mono\"></mzid:cvParam>",
                "<mzid:cvParam cvRef=\"PSI-MS\" accession=\"MS:1002495\" name=\"no special processing\"></mzid:cvParam>",
                "<mzid:userParam name=\"# comet_version\" value=\"2026.01 rev. 1\"></mzid:userParam>",
                "<mzid:userParam name=\"activation_method\" value=\"ALL\"></mzid:userParam>",
                "<mzid:userParam name=\"add_A_alanine\" value=\"0.000000\"></mzid:userParam>",
                "<mzid:userParam name=\"add_B_user_amino_acid\" value=\"0.000000\"></mzid:userParam>",
                "<mzid:userParam name=\"add_C_cysteine\" value=\"57.021464\"></mzid:userParam>",
                "<mzid:userParam name=\"add_Cterm_peptide\" value=\"0.000000\"></mzid:userParam>",
                "<mzid:userParam name=\"add_Cterm_protein\" value=\"0.000000\"></mzid:userParam>",
                "<mzid:userParam name=\"add_D_aspartic_acid\" value=\"0.000000\"></mzid:userParam>",
                "<mzid:userParam name=\"add_E_glutamic_acid\" value=\"0.000000\"></mzid:userParam>",
                "<mzid:userParam name=\"add_F_phenylalanine\" value=\"0.000000\"></mzid:userParam>",
                "<mzid:userParam name=\"add_G_glycine\" value=\"0.000000\"></mzid:userParam>",
                "<mzid:userParam name=\"add_H_histidine\" value=\"0.000000\"></mzid:userParam>",
                "<mzid:userParam name=\"add_I_isoleucine\" value=\"0.000000\"></mzid:userParam>",
                "<mzid:userParam name=\"add_J_user_amino_acid\" value=\"0.000000\"></mzid:userParam>",
                "<mzid:userParam name=\"add_K_lysine\" value=\"0.000000\"></mzid:userParam>",
                "<mzid:userParam name=\"add_L_leucine\" value=\"0.000000\"></mzid:userParam>",
                "<mzid:userParam name=\"add_M_methionine\" value=\"0.000000\"></mzid:userParam>",
                "<mzid:userParam name=\"add_N_asparagine\" value=\"0.000000\"></mzid:userParam>",
                "<mzid:userParam name=\"add_Nterm_peptide\" value=\"0.000000\"></mzid:userParam>",
                "<mzid:userParam name=\"add_Nterm_protein\" value=\"0.000000\"></mzid:userParam>",
                "<mzid:userParam name=\"add_O_pyrrolysine\" value=\"0.000000\"></mzid:userParam>",
                "<mzid:userParam name=\"add_P_proline\" value=\"0.000000\"></mzid:userParam>",
                "<mzid:userParam name=\"add_Q_glutamine\" value=\"0.000000\"></mzid:userParam>",
                "<mzid:userParam name=\"add_R_arginine\" value=\"0.000000\"></mzid:userParam>",
                "<mzid:userParam name=\"add_S_serine\" value=\"0.000000\"></mzid:userParam>",
                "<mzid:userParam name=\"add_T_threonine\" value=\"0.000000\"></mzid:userParam>",
                "<mzid:userParam name=\"add_U_selenocysteine\" value=\"0.000000\"></mzid:userParam>",
                "<mzid:userParam name=\"add_V_valine\" value=\"0.000000\"></mzid:userParam>",
                "<mzid:userParam name=\"add_W_tryptophan\" value=\"0.000000\"></mzid:userParam>",
                "<mzid:userParam name=\"add_X_user_amino_acid\" value=\"0.000000\"></mzid:userParam>",
                "<mzid:userParam name=\"add_Y_tyrosine\" value=\"0.000000\"></mzid:userParam>",
                "<mzid:userParam name=\"add_Z_user_amino_acid\" value=\"0.000000\"></mzid:userParam>",
                "<mzid:userParam name=\"allowed_missed_cleavage\" value=\"2\"></mzid:userParam>",
                "<mzid:userParam name=\"clear_mz_range\" value=\"0.000000 0.000000\"></mzid:userParam>",
                "<mzid:userParam name=\"clip_nterm_methionine\" value=\"0\"></mzid:userParam>",
                "<mzid:userParam name=\"database_name\" value=\"yeast_UPS_decoy.fasta\"></mzid:userParam>",
                "<mzid:userParam name=\"decoy_prefix\" value=\"DECOY_\"></mzid:userParam>",
                "<mzid:userParam name=\"decoy_search\" value=\"0\"></mzid:userParam>",
                "<mzid:userParam name=\"digest_mass_range\" value=\"600.000000 5000.000000\"></mzid:userParam>",
                "<mzid:userParam name=\"equal_I_and_L\" value=\"1\"></mzid:userParam>",
                "<mzid:userParam name=\"fragindex_max_fragmentmass\" value=\"2000.000000\"></mzid:userParam>",
                "<mzid:userParam name=\"fragindex_min_fragmentmass\" value=\"200.000000\"></mzid:userParam>",
                "<mzid:userParam name=\"fragindex_min_ions_report\" value=\"3\"></mzid:userParam>",
                "<mzid:userParam name=\"fragindex_min_ions_score\" value=\"3\"></mzid:userParam>",
                "<mzid:userParam name=\"fragindex_num_spectrumpeaks\" value=\"100\"></mzid:userParam>",
                "<mzid:userParam name=\"fragindex_skipreadprecursors\" value=\"0\"></mzid:userParam>",
                "<mzid:userParam name=\"fragment_bin_offset\" value=\"0.000000\"></mzid:userParam>",
                "<mzid:userParam name=\"fragment_bin_tol\" value=\"0.200000\"></mzid:userParam>",
                "<mzid:userParam name=\"isotope_error\" value=\"2\"></mzid:userParam>",
                "<mzid:userParam name=\"mass_offsets\" value=\"\"></mzid:userParam>",
                "<mzid:userParam name=\"mass_type_fragment\" value=\"1\"></mzid:userParam>",
                "<mzid:userParam name=\"mass_type_parent\" value=\"1\"></mzid:userParam>",
                "<mzid:userParam name=\"max_duplicate_proteins\" value=\"10\"></mzid:userParam>",
                "<mzid:userParam name=\"max_fragment_charge\" value=\"3\"></mzid:userParam>",
                "<mzid:userParam name=\"max_precursor_charge\" value=\"6\"></mzid:userParam>",
                "<mzid:userParam name=\"max_variable_mods_in_peptide\" value=\"5\"></mzid:userParam>",
                "<mzid:userParam name=\"min_precursor_charge\" value=\"1\"></mzid:userParam>",
                "<mzid:userParam name=\"minimum_intensity\" value=\"0.000000\"></mzid:userParam>",
                "<mzid:userParam name=\"minimum_peaks\" value=\"10\"></mzid:userParam>",
                "<mzid:userParam name=\"ms_level\" value=\"2\"></mzid:userParam>",
                "<mzid:userParam name=\"num_enzyme_termini\" value=\"2\"></mzid:userParam>",
                "<mzid:userParam name=\"num_output_lines\" value=\"1\"></mzid:userParam>",
                "<mzid:userParam name=\"num_results\" value=\"100\"></mzid:userParam>",
                "<mzid:userParam name=\"num_threads\" value=\"4\"></mzid:userParam>",
                "<mzid:userParam name=\"output_mzidentmlfile\" value=\"1\"></mzid:userParam>",
                "<mzid:userParam name=\"output_pepxmlfile\" value=\"0\"></mzid:userParam>",
                "<mzid:userParam name=\"output_percolatorfile\" value=\"0\"></mzid:userParam>",
                "<mzid:userParam name=\"output_sqtfile\" value=\"0\"></mzid:userParam>",
                "<mzid:userParam name=\"output_txtfile\" value=\"0\"></mzid:userParam>",
                "<mzid:userParam name=\"override_charge\" value=\"0\"></mzid:userParam>",
                "<mzid:userParam name=\"peff_format\" value=\"0\"></mzid:userParam>",
                "<mzid:userParam name=\"peff_obo\" value=\"\"></mzid:userParam>",
                "<mzid:userParam name=\"peptide_length_range\" value=\"5 50\"></mzid:userParam>",
                "<mzid:userParam name=\"peptide_mass_tolerance_lower\" value=\"-20.000000\"></mzid:userParam>",
                "<mzid:userParam name=\"peptide_mass_tolerance_upper\" value=\"20.000000\"></mzid:userParam>",
                "<mzid:userParam name=\"peptide_mass_units\" value=\"2\"></mzid:userParam>",
                "<mzid:userParam name=\"percentage_base_peak\" value=\"0.000000\"></mzid:userParam>",
                "<mzid:userParam name=\"pinfile_protein_delimiter\" value=\"\"></mzid:userParam>",
                "<mzid:userParam name=\"precursor_charge\" value=\"0 0\"></mzid:userParam>",
                "<mzid:userParam name=\"precursor_tolerance_type\" value=\"1\"></mzid:userParam>",
                "<mzid:userParam name=\"print_ascorepro_score\" value=\"1\"></mzid:userParam>",
                "<mzid:userParam name=\"print_expect_score\" value=\"1\"></mzid:userParam>",
                "<mzid:userParam name=\"protein_modslist_file\" value=\"\"></mzid:userParam>",
                "<mzid:userParam name=\"remove_precursor_peak\" value=\"0\"></mzid:userParam>",
                "<mzid:userParam name=\"remove_precursor_tolerance\" value=\"1.500000\"></mzid:userParam>",
                "<mzid:userParam name=\"require_variable_mod\" value=\"0\"></mzid:userParam>",
                "<mzid:userParam name=\"sample_enzyme_number\" value=\"1\"></mzid:userParam>",
                "<mzid:userParam name=\"scan_range\" value=\"0 0\"></mzid:userParam>",
                "<mzid:userParam name=\"search_enzyme2_number\" value=\"0\"></mzid:userParam>",
                "<mzid:userParam name=\"search_enzyme_number\" value=\"1\"></mzid:userParam>",
                "<mzid:userParam name=\"spectral_library_name\" value=\"\"></mzid:userParam>",
                "<mzid:userParam name=\"spectrum_batch_size\" value=\"15000\"></mzid:userParam>",
                "<mzid:userParam name=\"theoretical_fragment_ions\" value=\"0\"></mzid:userParam>",
                "<mzid:userParam name=\"use_A_ions\" value=\"0\"></mzid:userParam>",
                "<mzid:userParam name=\"use_B_ions\" value=\"1\"></mzid:userParam>",
                "<mzid:userParam name=\"use_C_ions\" value=\"0\"></mzid:userParam>",
                "<mzid:userParam name=\"use_NL_ions\" value=\"0\"></mzid:userParam>",
                "<mzid:userParam name=\"use_X_ions\" value=\"0\"></mzid:userParam>",
                "<mzid:userParam name=\"use_Y_ions\" value=\"1\"></mzid:userParam>",
                "<mzid:userParam name=\"use_Z1_ions\" value=\"0\"></mzid:userParam>",
                "<mzid:userParam name=\"use_Z_ions\" value=\"0\"></mzid:userParam>",
                "<mzid:userParam name=\"variable_mod01\" value=\" 15.9949 M 0 3 -1 0 0 0.0\"></mzid:userParam>",
                "<mzid:userParam name=\"variable_mod02\" value=\" 0.0 X 0 3 -1 0 0 0.0\"></mzid:userParam>",
                "<mzid:userParam name=\"variable_mod03\" value=\" 0.0 X 0 3 -1 0 0 0.0\"></mzid:userParam>",
                "<mzid:userParam name=\"variable_mod04\" value=\" 0.0 X 0 3 -1 0 0 0.0\"></mzid:userParam>",
                "<mzid:userParam name=\"variable_mod05\" value=\" 0.0 X 0 3 -1 0 0 0.0\"></mzid:userParam>",
                "<mzid:userParam name=\"variable_mod06\" value=\" 0.0 X 0 3 -1 0 0 0.0\"></mzid:userParam>",
                "<mzid:userParam name=\"variable_mod07\" value=\" 0.0 X 0 3 -1 0 0 0.0\"></mzid:userParam>",
                "<mzid:userParam name=\"variable_mod08\" value=\" 0.0 X 0 3 -1 0 0 0.0\"></mzid:userParam>",
                "<mzid:userParam name=\"variable_mod09\" value=\" 0.0 X 0 3 -1 0 0 0.0\"></mzid:userParam>",
                "<mzid:userParam name=\"variable_mod10\" value=\" 0.0 X 0 3 -1 0 0 0.0\"></mzid:userParam>",
                "<mzid:userParam name=\"variable_mod11\" value=\" 0.0 X 0 3 -1 0 0 0.0\"></mzid:userParam>",
                "<mzid:userParam name=\"variable_mod12\" value=\" 0.0 X 0 3 -1 0 0 0.0\"></mzid:userParam>",
                "<mzid:userParam name=\"variable_mod13\" value=\" 0.0 X 0 3 -1 0 0 0.0\"></mzid:userParam>",
                "<mzid:userParam name=\"variable_mod14\" value=\" 0.0 X 0 3 -1 0 0 0.0\"></mzid:userParam>",
                "<mzid:userParam name=\"variable_mod15\" value=\" 0.0 X 0 3 -1 0 0 0.0\"></mzid:userParam>",
                "</mzid:AdditionalSearchParams>",
                "<mzid:ModificationParams>",
                "<mzid:SearchModification fixedMod=\"true\" massDelta=\"57.021465\" residues=\"C\">",
                "<mzid:cvParam cvRef=\"UNIMOD\" accession=\"UNIMOD:4\" name=\"Carbamidomethyl\"></mzid:cvParam>",
                "</mzid:SearchModification>",
                "<mzid:SearchModification fixedMod=\"false\" massDelta=\"15.9949\" residues=\"M\">",
                "<mzid:cvParam cvRef=\"UNIMOD\" accession=\"UNIMOD:35\" name=\"Oxidation\"></mzid:cvParam>",
                "</mzid:SearchModification>",
                "</mzid:ModificationParams>",
                "<mzid:Enzymes>",
                "<mzid:Enzyme semiSpecific=\"false\" missedCleavages=\"2\" id=\"enzyme_1_1\">",
                "<mzid:SiteRegexp>((?&lt;=[KR])(?!P))</mzid:SiteRegexp>",
                "<mzid:EnzymeName>",
                "<mzid:cvParam cvRef=\"PSI-MS\" accession=\"MS:1001251\" name=\"Trypsin\"></mzid:cvParam>",
                "</mzid:EnzymeName>",
                "</mzid:Enzyme>",
                "</mzid:Enzymes>",
                "<mzid:MassTable msLevel=\"1 2\" id=\"MT\">",
                "<mzid:Residue code=\"A\" mass=\"71.03712\"></mzid:Residue>",
                "<mzid:Residue code=\"C\" mass=\"103.009186\"></mzid:Residue>",
                "<mzid:Residue code=\"D\" mass=\"115.02694\"></mzid:Residue>",
                "<mzid:Residue code=\"E\" mass=\"129.04259\"></mzid:Residue>",
                "<mzid:Residue code=\"F\" mass=\"147.06842\"></mzid:Residue>",
                "<mzid:Residue code=\"G\" mass=\"57.021465\"></mzid:Residue>",
                "<mzid:Residue code=\"H\" mass=\"137.05891\"></mzid:Residue>",
                "<mzid:Residue code=\"I\" mass=\"113.08406\"></mzid:Residue>",
                "<mzid:Residue code=\"K\" mass=\"128.09496\"></mzid:Residue>",
                "<mzid:Residue code=\"L\" mass=\"113.08406\"></mzid:Residue>",
                "<mzid:Residue code=\"M\" mass=\"131.04048\"></mzid:Residue>",
                "<mzid:Residue code=\"N\" mass=\"114.04293\"></mzid:Residue>",
                "<mzid:Residue code=\"O\" mass=\"237.14772\"></mzid:Residue>",
                "<mzid:Residue code=\"P\" mass=\"97.052765\"></mzid:Residue>",
                "<mzid:Residue code=\"Q\" mass=\"128.05858\"></mzid:Residue>",
                "<mzid:Residue code=\"R\" mass=\"156.1011\"></mzid:Residue>",
                "<mzid:Residue code=\"S\" mass=\"87.03203\"></mzid:Residue>",
                "<mzid:Residue code=\"T\" mass=\"101.047676\"></mzid:Residue>",
                "<mzid:Residue code=\"U\" mass=\"150.95363\"></mzid:Residue>",
                "<mzid:Residue code=\"V\" mass=\"99.06841\"></mzid:Residue>",
                "<mzid:Residue code=\"W\" mass=\"186.07932\"></mzid:Residue>",
                "<mzid:Residue code=\"Y\" mass=\"163.06332\"></mzid:Residue>",
                "</mzid:MassTable>",
                "<mzid:FragmentTolerance>",
                "<mzid:cvParam cvRef=\"PSI-MS\" accession=\"MS:1001412\" name=\"search tolerance plus value\" value=\"0.100000\" unitAccession=\"UO:0000221\" unitName=\"dalton\" unitCvRef=\"UO\"></mzid:cvParam>",
                "<mzid:cvParam cvRef=\"PSI-MS\" accession=\"MS:1001413\" name=\"search tolerance minus value\" value=\"0.100000\" unitAccession=\"UO:0000221\" unitName=\"dalton\" unitCvRef=\"UO\"></mzid:cvParam>",
                "</mzid:FragmentTolerance>",
                "<mzid:ParentTolerance>",
                "<mzid:cvParam cvRef=\"PSI-MS\" accession=\"MS:1001412\" name=\"search tolerance plus value\" value=\"-20.000000\" unitAccession=\"UO:0000169\" unitName=\"parts per million\" unitCvRef=\"UO\"></mzid:cvParam>",
                "<mzid:cvParam cvRef=\"PSI-MS\" accession=\"MS:1001413\" name=\"search tolerance minus value\" value=\"20.000000\" unitAccession=\"UO:0000169\" unitName=\"parts per million\" unitCvRef=\"UO\"></mzid:cvParam>",
                "</mzid:ParentTolerance>",
                "<mzid:Threshold>",
                "<mzid:cvParam cvRef=\"PSI-MS\" accession=\"MS:1001494\" name=\"no threshold\"></mzid:cvParam>",
                "</mzid:Threshold>",
                "</mzid:SpectrumIdentificationProtocol>",
                "</AnalysisProtocolCollection>"
            ]
        ],
        "timestamp": "2026-09-09T13:03:46.387247689",
        "meta": {
            "nf-test": "0.9.5",
            "nextflow": "26.04.6"
        }
    }
}