{
    "thermoxicextraction - raw - json - stub": {
        "content": [
            {
                "0": [
                    [
                        {
                            "id": "test"
                        },
                        "small.json:md5,8a80554c91d9fca8acb82f023de02f11"
                    ]
                ],
                "1": [
                    [
                        "THERMOXICEXTRACTION",
                        "thermorawfileparser",
                        "1.4.5"
                    ]
                ],
                "versions_thermoxicextraction": [
                    [
                        "THERMOXICEXTRACTION",
                        "thermorawfileparser",
                        "1.4.5"
                    ]
                ],
                "xic": [
                    [
                        {
                            "id": "test"
                        },
                        "small.json:md5,8a80554c91d9fca8acb82f023de02f11"
                    ]
                ]
            }
        ],
        "timestamp": "2026-09-16T16:25:00.508662256",
        "meta": {
            "nf-test": "0.9.5",
            "nextflow": "26.04.6"
        }
    },
    "thermoxicextraction - raw - json": {
        "content": [
            {
                "0": [
                    [
                        {
                            "id": "test"
                        },
                        "small.json:md5,45bc2f1935682dee947aba5822a97c56"
                    ]
                ],
                "1": [
                    [
                        "THERMOXICEXTRACTION",
                        "thermorawfileparser",
                        "1.4.5"
                    ]
                ],
                "versions_thermoxicextraction": [
                    [
                        "THERMOXICEXTRACTION",
                        "thermorawfileparser",
                        "1.4.5"
                    ]
                ],
                "xic": [
                    [
                        {
                            "id": "test"
                        },
                        "small.json:md5,45bc2f1935682dee947aba5822a97c56"
                    ]
                ]
            },
            {
                "versions_thermoxicextraction": [
                    [
                        "THERMOXICEXTRACTION",
                        "thermorawfileparser",
                        "1.4.5"
                    ]
                ]
            }
        ],
        "timestamp": "2026-09-16T16:24:54.849867061",
        "meta": {
            "nf-test": "0.9.5",
            "nextflow": "26.04.6"
        }
    }
}