{
    "mzid-filename-and-elementcount": {
        "content": [
            [
                [
                    "sample_one_raw-labelled.mzid",
                    499,
                    529
                ],
                [
                    "sample_one_raw-unlabelled.mzid",
                    458,
                    438
                ],
                [
                    "sample_two_d-labelled.mzid",
                    3052,
                    3938
                ],
                [
                    "sample_two_d-unlabelled.mzid",
                    3021,
                    3975
                ]
            ]
        ],
        "timestamp": "2026-07-17T09:32:50.800558092",
        "meta": {
            "nf-test": "0.9.5",
            "nextflow": "26.04.6"
        }
    },
    "-profile test": {
        "content": [
            {
                "COMET": {
                    "comet": "2026.01 rev. 1 (e4f767c)"
                },
                "COMETCONFIG": {
                    "python": "3.14.3"
                },
                "COMETCONFIG_LABELLED": {
                    "python": "3.14.3"
                },
                "OPENMS_DECOYDATABASE": {
                    "openms": "3.5.0"
                },
                "PIA_ANALYSIS": {
                    "pia": "1.5.9"
                },
                "PIA_ANALYSIS_LABELLED": {
                    "pia": "1.5.9"
                },
                "PIA_ANALYSIS_PREFILTER": {
                    "pia": "1.5.9"
                },
                "PIA_COMPILEXML": {
                    "pia": "1.5.9"
                },
                "PIA_COMPILEXML_PREFILTERED": {
                    "pia": "1.5.9"
                },
                "PIA_CONFIGURE": {
                    "pia": "1.5.9"
                },
                "TDF2MZML": {
                    "tdf2mzml": 0.4
                },
                "THERMORAWFILEPARSER": {
                    "thermorawfileparser": "1.4.5"
                },
                "UNTAR": {
                    "untar": 1.34
                },
                "Workflow": {
                    "nf-core/macproqc": "v1.0.0dev"
                }
            },
            [
                "comet",
                "comet/sample_one_raw-labelled.comet.params",
                "comet/sample_one_raw-labelled.mzid",
                "comet/sample_one_raw-unlabelled.comet.params",
                "comet/sample_one_raw-unlabelled.mzid",
                "comet/sample_two_d-labelled.comet.params",
                "comet/sample_two_d-labelled.mzid",
                "comet/sample_two_d-unlabelled.comet.params",
                "comet/sample_two_d-unlabelled.mzid",
                "decoy_database",
                "decoy_database/yeast_UPS_decoy.fasta",
                "mzmls",
                "mzmls/sample_one_raw.mzML",
                "mzmls/sample_two_d.mzML",
                "pia",
                "pia/sample_one_raw-labelled.piaExport-PSMs.mzTab",
                "pia/sample_one_raw-unlabelled.piaExport-PSMs.mzTab",
                "pia/sample_one_raw-unlabelled.piaExport-peptides.csv",
                "pia/sample_one_raw-unlabelled.piaExport-proteins.mzTab",
                "pia/sample_two_d-labelled.piaExport-PSMs.mzTab",
                "pia/sample_two_d-unlabelled.piaExport-PSMs.mzTab",
                "pia/sample_two_d-unlabelled.piaExport-peptides.csv",
                "pia/sample_two_d-unlabelled.piaExport-proteins.mzTab",
                "pipeline_info",
                "pipeline_info/nf_core_macproqc_software_versions.yml"
            ],
            [
                "sample_one_raw-labelled.comet.params:md5,4e513d5872c1d4ccf375995b85cb30b4",
                "sample_one_raw-unlabelled.comet.params:md5,88be13163b840fb754296dc46d157e38",
                "sample_two_d-labelled.comet.params:md5,4e513d5872c1d4ccf375995b85cb30b4",
                "sample_two_d-unlabelled.comet.params:md5,88be13163b840fb754296dc46d157e38",
                "yeast_UPS_decoy.fasta:md5,96c0295f69e0cb92b705ca4c33e6f047",
                "sample_one_raw-labelled.piaExport-PSMs.mzTab:md5,346f20da53a96735a56aad55754b7586",
                "sample_one_raw-unlabelled.piaExport-PSMs.mzTab:md5,e822863901e016237a6369a6c846809a",
                "sample_one_raw-unlabelled.piaExport-peptides.csv:md5,3701d10fc0b6be0ea6292d24c88dcfa0",
                "sample_one_raw-unlabelled.piaExport-proteins.mzTab:md5,210569438b9a473118d3583b283c8892",
                "sample_two_d-labelled.piaExport-PSMs.mzTab:md5,5eb3bee339d0d05de137e3c04ee00f9a",
                "sample_two_d-unlabelled.piaExport-PSMs.mzTab:md5,f71f42e063e23dd44529befb7a8de616",
                "sample_two_d-unlabelled.piaExport-peptides.csv:md5,0d20ac9ca1edfcecdc2aaf556a130937",
                "sample_two_d-unlabelled.piaExport-proteins.mzTab:md5,329328492df5c9ed4a9f40588e0e4fc8"
            ]
        ],
        "timestamp": "2026-09-09T13:39:37.436849021",
        "meta": {
            "nf-test": "0.9.5",
            "nextflow": "26.04.6"
        }
    },
    "mzml-spectrum-counts": {
        "content": [
            [
                [
                    "sample_one_raw.mzML",
                    1193
                ],
                [
                    "sample_two_d.mzML",
                    6849
                ]
            ]
        ],
        "timestamp": "2026-07-17T09:32:50.629102663",
        "meta": {
            "nf-test": "0.9.5",
            "nextflow": "26.04.6"
        }
    },
    "pia-peptides-results": {
        "content": [
            [
                [
                    "sample_one_raw-unlabelled.piaExport-peptides.csv",
                    117,
                    126
                ],
                [
                    "sample_two_d-unlabelled.piaExport-peptides.csv",
                    7,
                    58
                ]
            ]
        ],
        "timestamp": "2026-09-09T13:34:54.060274869",
        "meta": {
            "nf-test": "0.9.5",
            "nextflow": "26.04.6"
        }
    },
    "pia-proteins-results": {
        "content": [
            [
                [
                    "sample_one_raw-unlabelled.piaExport-proteins.mzTab",
                    41,
                    127
                ],
                [
                    "sample_two_d-unlabelled.piaExport-proteins.mzTab",
                    2,
                    56
                ]
            ]
        ],
        "timestamp": "2026-09-09T13:34:54.071684956",
        "meta": {
            "nf-test": "0.9.5",
            "nextflow": "26.04.6"
        }
    },
    "pia-psms-results": {
        "content": [
            [
                [
                    "sample_one_raw-labelled.piaExport-PSMs.mzTab",
                    579
                ],
                [
                    "sample_one_raw-unlabelled.piaExport-PSMs.mzTab",
                    127
                ],
                [
                    "sample_two_d-labelled.piaExport-PSMs.mzTab",
                    4119
                ],
                [
                    "sample_two_d-unlabelled.piaExport-PSMs.mzTab",
                    58
                ]
            ]
        ],
        "timestamp": "2026-09-09T13:39:38.040915578",
        "meta": {
            "nf-test": "0.9.5",
            "nextflow": "26.04.6"
        }
    }
}