{
    "brukerxicextraction - d_folder - json": {
        "content": [
            {
                "0": [
                    [
                        {
                            "id": "50fmol_BSA_S1-A2_1_32.d"
                        },
                        "50fmol_BSA_S1-A2_1_32.d.json:md5,5fd2da9b23594ed58b8cd5afdbe4f428"
                    ]
                ],
                "1": [
                    [
                        "BRUKERXICEXTRACTION",
                        "macproqc-helpers",
                        "sha-914105c"
                    ]
                ],
                "versions_brukerxicextraction": [
                    [
                        "BRUKERXICEXTRACTION",
                        "macproqc-helpers",
                        "sha-914105c"
                    ]
                ],
                "xic": [
                    [
                        {
                            "id": "50fmol_BSA_S1-A2_1_32.d"
                        },
                        "50fmol_BSA_S1-A2_1_32.d.json:md5,5fd2da9b23594ed58b8cd5afdbe4f428"
                    ]
                ]
            },
            {
                "versions_brukerxicextraction": [
                    [
                        "BRUKERXICEXTRACTION",
                        "macproqc-helpers",
                        "sha-914105c"
                    ]
                ]
            }
        ],
        "timestamp": "2026-09-16T16:24:04.772131457",
        "meta": {
            "nf-test": "0.9.5",
            "nextflow": "26.04.6"
        }
    },
    "brukerxicextraction - d_folder - json - stub": {
        "content": [
            {
                "0": [
                    [
                        {
                            "id": "50fmol_BSA_S1-A2_1_32.d"
                        },
                        "50fmol_BSA_S1-A2_1_32.d.json:md5,8a80554c91d9fca8acb82f023de02f11"
                    ]
                ],
                "1": [
                    [
                        "BRUKERXICEXTRACTION",
                        "macproqc-helpers",
                        "sha-914105c"
                    ]
                ],
                "versions_brukerxicextraction": [
                    [
                        "BRUKERXICEXTRACTION",
                        "macproqc-helpers",
                        "sha-914105c"
                    ]
                ],
                "xic": [
                    [
                        {
                            "id": "50fmol_BSA_S1-A2_1_32.d"
                        },
                        "50fmol_BSA_S1-A2_1_32.d.json:md5,8a80554c91d9fca8acb82f023de02f11"
                    ]
                ]
            }
        ],
        "timestamp": "2026-09-16T16:24:16.894791835",
        "meta": {
            "nf-test": "0.9.5",
            "nextflow": "26.04.6"
        }
    }
}