{
    "brukerxicextraction - d_folder - json": {
        "content": [
            {
                "0": [
                    [
                        {
                            "id": "50fmol_BSA_S1-A2_1_32.d"
                        },
                        "50fmol_BSA_S1-A2_1_32.d.json:md5,5fd2da9b23594ed58b8cd5afdbe4f428"
                    ]
                ],
                "1": [
                    "versions.yml:md5,6cd3e78f17610f8ae24dd80979de7a97"
                ],
                "versions": [
                    "versions.yml:md5,6cd3e78f17610f8ae24dd80979de7a97"
                ],
                "xic": [
                    [
                        {
                            "id": "50fmol_BSA_S1-A2_1_32.d"
                        },
                        "50fmol_BSA_S1-A2_1_32.d.json:md5,5fd2da9b23594ed58b8cd5afdbe4f428"
                    ]
                ]
            },
            {
                "versions": [
                    "versions.yml:md5,6cd3e78f17610f8ae24dd80979de7a97"
                ]
            }
        ],
        "timestamp": "2026-09-29T11:47:08.53224421",
        "meta": {
            "nf-test": "0.9.5",
            "nextflow": "26.04.6"
        }
    },
    "brukerxicextraction - d_folder - json - stub": {
        "content": [
            {
                "0": [
                    [
                        {
                            "id": "50fmol_BSA_S1-A2_1_32.d"
                        },
                        "50fmol_BSA_S1-A2_1_32.d.json:md5,8a80554c91d9fca8acb82f023de02f11"
                    ]
                ],
                "1": [
                    "versions.yml:md5,6cd3e78f17610f8ae24dd80979de7a97"
                ],
                "versions": [
                    "versions.yml:md5,6cd3e78f17610f8ae24dd80979de7a97"
                ],
                "xic": [
                    [
                        {
                            "id": "50fmol_BSA_S1-A2_1_32.d"
                        },
                        "50fmol_BSA_S1-A2_1_32.d.json:md5,8a80554c91d9fca8acb82f023de02f11"
                    ]
                ]
            }
        ],
        "timestamp": "2026-09-29T11:47:25.851133304",
        "meta": {
            "nf-test": "0.9.5",
            "nextflow": "26.04.6"
        }
    }
}