{
    "thermometricsextraction - thermo_raw - stub": {
        "content": [
            {
                "0": [
                    [
                        {
                            "id": "test"
                        },
                        "test.thermo_metrics.hdf5:md5,d41d8cd98f00b204e9800998ecf8427e"
                    ]
                ],
                "1": [
                    [
                        "THERMOMETRICSEXTRACTION",
                        "macproqc_helpers",
                        "0.0.1 (commit 604eac1491d98bfaf916bad3758a97968200058b)"
                    ]
                ],
                "hdf5": [
                    [
                        {
                            "id": "test"
                        },
                        "test.thermo_metrics.hdf5:md5,d41d8cd98f00b204e9800998ecf8427e"
                    ]
                ],
                "versions_macproqc_helpers": [
                    [
                        "THERMOMETRICSEXTRACTION",
                        "macproqc_helpers",
                        "0.0.1 (commit 604eac1491d98bfaf916bad3758a97968200058b)"
                    ]
                ]
            }
        ],
        "timestamp": "2026-10-01T13:39:20.092490248",
        "meta": {
            "nf-test": "0.9.5",
            "nextflow": "26.04.6"
        }
    },
    "thermometricsextraction - simple raw file": {
        "content": [
            {
                "0": [
                    [
                        {
                            "id": "test"
                        },
                        "test.thermo_metrics.hdf5:md5,422043069c2835aaa2aa6fef37d7b1e5"
                    ]
                ],
                "1": [
                    [
                        "THERMOMETRICSEXTRACTION",
                        "macproqc_helpers",
                        "0.0.1 (commit 604eac1491d98bfaf916bad3758a97968200058b)"
                    ]
                ],
                "hdf5": [
                    [
                        {
                            "id": "test"
                        },
                        "test.thermo_metrics.hdf5:md5,422043069c2835aaa2aa6fef37d7b1e5"
                    ]
                ],
                "versions_macproqc_helpers": [
                    [
                        "THERMOMETRICSEXTRACTION",
                        "macproqc_helpers",
                        "0.0.1 (commit 604eac1491d98bfaf916bad3758a97968200058b)"
                    ]
                ]
            },
            {
                "versions_macproqc_helpers": [
                    [
                        "THERMOMETRICSEXTRACTION",
                        "macproqc_helpers",
                        "0.0.1 (commit 604eac1491d98bfaf916bad3758a97968200058b)"
                    ]
                ]
            }
        ],
        "timestamp": "2026-10-01T13:39:10.562683875",
        "meta": {
            "nf-test": "0.9.5",
            "nextflow": "26.04.6"
        }
    }
}