{
    "thermometricsextraction - thermo_raw - stub": {
        "content": [
            {
                "0": [
                    [
                        {
                            "id": "test"
                        },
                        "test.thermo_metrics.hdf5:md5,d41d8cd98f00b204e9800998ecf8427e"
                    ]
                ],
                "1": [
                    "versions.yml:md5,b79858e5f0165b194da60e13a610a5e7"
                ],
                "hdf5": [
                    [
                        {
                            "id": "test"
                        },
                        "test.thermo_metrics.hdf5:md5,d41d8cd98f00b204e9800998ecf8427e"
                    ]
                ],
                "versions": [
                    "versions.yml:md5,b79858e5f0165b194da60e13a610a5e7"
                ]
            }
        ],
        "timestamp": "2026-09-29T12:07:33.06116276",
        "meta": {
            "nf-test": "0.9.5",
            "nextflow": "26.04.6"
        }
    },
    "thermometricsextraction - simple raw file": {
        "content": [
            {
                "0": [
                    [
                        {
                            "id": "test"
                        },
                        "test.thermo_metrics.hdf5:md5,422043069c2835aaa2aa6fef37d7b1e5"
                    ]
                ],
                "1": [
                    "versions.yml:md5,b79858e5f0165b194da60e13a610a5e7"
                ],
                "hdf5": [
                    [
                        {
                            "id": "test"
                        },
                        "test.thermo_metrics.hdf5:md5,422043069c2835aaa2aa6fef37d7b1e5"
                    ]
                ],
                "versions": [
                    "versions.yml:md5,b79858e5f0165b194da60e13a610a5e7"
                ]
            },
            {
                "versions": [
                    "versions.yml:md5,b79858e5f0165b194da60e13a610a5e7"
                ]
            }
        ],
        "timestamp": "2026-09-29T12:07:23.665757772",
        "meta": {
            "nf-test": "0.9.5",
            "nextflow": "26.04.6"
        }
    }
}