{
    "xicextractionconfig - mzTab - csv - stub": {
        "content": [
            {
                "0": [
                    [
                        {
                            "id": "test"
                        },
                        "test.json:md5,8a80554c91d9fca8acb82f023de02f11",
                        "test.ident.csv:md5,d41d8cd98f00b204e9800998ecf8427e"
                    ]
                ],
                "1": [
                    "versions.yml:md5,338ef01e47a4e4c72b6bd38e299b0bf5"
                ],
                "config": [
                    [
                        {
                            "id": "test"
                        },
                        "test.json:md5,8a80554c91d9fca8acb82f023de02f11",
                        "test.ident.csv:md5,d41d8cd98f00b204e9800998ecf8427e"
                    ]
                ],
                "versions": [
                    "versions.yml:md5,338ef01e47a4e4c72b6bd38e299b0bf5"
                ]
            }
        ],
        "timestamp": "2026-09-29T12:07:57.870426922",
        "meta": {
            "nf-test": "0.9.5",
            "nextflow": "26.04.6"
        }
    },
    "xicextractionconfig - mzTab - csv": {
        "content": [
            {
                "0": [
                    [
                        {
                            "id": "test"
                        },
                        "EXII07043std.mzTab.json:md5,f32fba9f700d4fe9b1fb97ebe49a6f12",
                        "EXII07043std.mzTab.ident.csv:md5,514b9c745f5ca08c1626e8fe97001ac4"
                    ]
                ],
                "1": [
                    "versions.yml:md5,338ef01e47a4e4c72b6bd38e299b0bf5"
                ],
                "config": [
                    [
                        {
                            "id": "test"
                        },
                        "EXII07043std.mzTab.json:md5,f32fba9f700d4fe9b1fb97ebe49a6f12",
                        "EXII07043std.mzTab.ident.csv:md5,514b9c745f5ca08c1626e8fe97001ac4"
                    ]
                ],
                "versions": [
                    "versions.yml:md5,338ef01e47a4e4c72b6bd38e299b0bf5"
                ]
            },
            {
                "versions": [
                    "versions.yml:md5,338ef01e47a4e4c72b6bd38e299b0bf5"
                ]
            }
        ],
        "timestamp": "2026-09-29T12:07:47.798524522",
        "meta": {
            "nf-test": "0.9.5",
            "nextflow": "26.04.6"
        }
    }
}