{
    "pia-check-exports": {
        "content": [
            "test-mzmlraw-unlabelled.piaExport-PSMs.mzTab",
            127,
            "test-mzmlraw-unlabelled.piaExport-peptides.csv",
            126,
            117,
            "test-mzmlraw-unlabelled.piaExport-proteins.mzTab",
            41,
            127
        ],
        "timestamp": "2026-09-09T08:14:39.359159393",
        "meta": {
            "nf-test": "0.9.5",
            "nextflow": "26.04.6"
        }
    },
    "mzid-filename-and-elementcount": {
        "content": [
            "test-mzmlraw-unlabelled.mzid",
            458,
            438
        ],
        "timestamp": "2026-07-17T09:06:46.133322801",
        "meta": {
            "nf-test": "0.9.5",
            "nextflow": "26.04.3"
        }
    },
    "no-prefiltering-psm-rows": {
        "content": [
            [
                "PSH\tsequence\taccession\tunique\tdatabase\tdatabase_version\tsearch_engine\tsearch_engine_score[1]\tsearch_engine_score[2]\tsearch_engine_score[3]\tsearch_engine_score[4]\tsearch_engine_score[5]\tsearch_engine_score[6]\tsearch_engine_score[7]\tmodifications\tretention_time\tcharge\texp_mass_to_charge\tcalc_mass_to_charge\tspectra_ref\tpre\tpost\tstart\tend\topt_global_missed_cleavages\topt_global_cv_MS:1002217_decoy_peptide\treliability",
                "PSM\tLKECCEKPLLEK\tP02768ups\t1\tyeast_UPS_decoy.fasta\tnull\t[MS, MS:1002387, PIA, 1.5.9]|[PSI-MS, MS:1002251, Comet, 2026.01 rev. 1 (e4f767c)]\t13.0\t2.331\t0.4015\t302.0\t1.0\t0.0103\t7.404744787922359E-4\tnull\t16.8357\t2\t774.4002\t773.403838\tms_run[1]:40\tnull\tnull\t274\t285\t1\t0\t1",
                "PSM\tASTSSSSSSSSNQQTEKETNTPK\tP51965ups\t1\tyeast_UPS_decoy.fasta\tnull\t[MS, MS:1002387, PIA, 1.5.9]|[PSI-MS, MS:1002251, Comet, 2026.01 rev. 1 (e4f767c)]\t17.0\t1.607\t0.5177\t71.0\t1.0\t0.0238\t0.0017109992810927393\tnull\t17.0486\t3\t791.6954\t791.6885630000002\tms_run[1]:41\tnull\tnull\t14\t36\t1\t0\t1",
                "PSM\tSGYSSPGSPGTPGSR\tP10636-8ups\t1\tyeast_UPS_decoy.fasta\tnull\t[MS, MS:1002387, PIA, 1.5.9]|[PSI-MS, MS:1002251, Comet, 2026.01 rev. 1 (e4f767c)]\t15.0\t2.469\t0.4403\t399.0\t1.0\t0.00436\t3.134435657800144E-4\tnull\t17.9147\t2\t697.3209\t697.3206239999998\tms_run[1]:44\tnull\tnull\t194\t208\t0\t0\t1",
                "PSM\tYICENQDSISSK\tP02768ups\t1\tyeast_UPS_decoy.fasta\tnull\t[MS, MS:1002387, PIA, 1.5.9]|[PSI-MS, MS:1002251, Comet, 2026.01 rev. 1 (e4f767c)]\t13.0\t2.478\t0.6699\t332.0\t1.0\t2.74E-7\t1.9698058950395402E-8\tnull\t18.3388\t2\t722.324\t722.325312\tms_run[1]:46\tnull\tnull\t262\t273\t0\t0\t1",
                "PSM\tLDELRDEGK\tP02768ups\t1\tyeast_UPS_decoy.fasta\tnull\t[MS, MS:1002387, PIA, 1.5.9]|[PSI-MS, MS:1002251, Comet, 2026.01 rev. 1 (e4f767c)]\t6.0\t1.319\t0.1456\t82.0\t5.0\t0.0273\t0.001962616822429907\tnull\t18.5519\t2\t537.7745\t537.7753560000001\tms_run[1]:47\tnull\tnull\t181\t189\t1\t0\t1",
                "PSM\tLKECCEKPLLEK\tP02768ups\t1\tyeast_UPS_decoy.fasta\tnull\t[MS, MS:1002387, PIA, 1.5.9]|[PSI-MS, MS:1002251, Comet, 2026.01 rev. 1 (e4f767c)]\t15.0\t2.997\t0.4431\t578.0\t1.0\t2.78E-4\t1.9985621854780735E-5\tnull\t18.7524\t2\t773.9023\t773.901738\tms_run[1]:48\tnull\tnull\t274\t285\t1\t0\t1",
                "PSM\tHGSPVDICTAKPR\tP01008ups\t1\tyeast_UPS_decoy.fasta\tnull\t[MS, MS:1002387, PIA, 1.5.9]|[PSI-MS, MS:1002251, Comet, 2026.01 rev. 1 (e4f767c)]\t10.0\t2.128\t0.6602\t124.0\t1.0\t8.72E-8\t6.268871315600288E-9\tnull\t18.9675\t2\t719.3662\t719.3677839999999\tms_run[1]:49\tnull\tnull\t1\t13\t0\t0\t1",
                "PSM\tHQTVPQNTGGKNPDPWAK\tP02787ups\t1\tyeast_UPS_decoy.fasta\tnull\t[MS, MS:1002387, PIA, 1.5.9]|[PSI-MS, MS:1002251, Comet, 2026.01 rev. 1 (e4f767c)]\t16.0\t1.569\t0.3907\t86.0\t4.0\t0.0121\t8.698777857656363E-4\tnull\t19.1798\t3\t658.9997\t658.993202\tms_run[1]:50\tnull\tnull\t535\t552\t1\t0\t1",
                "PSM\tFNTANDDNVTQVR\tP04040ups\t1\tyeast_UPS_decoy.fasta\tnull\t[MS, MS:1002387, PIA, 1.5.9]|[PSI-MS, MS:1002251, Comet, 2026.01 rev. 1 (e4f767c)]\t15.0\t2.727\t0.6923\t364.0\t1.0\t9.01E-7\t6.477354421279656E-8\tnull\t19.3826\t2\t747.352\t747.3531859999999\tms_run[1]:51\tnull\tnull\t431\t443\t0\t0\t1",
                "PSM\tINDISHTQSVSSK\tP41159ups\t1\tyeast_UPS_decoy.fasta\tnull\t[MS, MS:1002387, PIA, 1.5.9]|[PSI-MS, MS:1002251, Comet, 2026.01 rev. 1 (e4f767c)]\t18.0\t3.31\t0.5795\t727.0\t1.0\t1.39E-4\t9.992810927390368E-6\tnull\t19.5951\t2\t708.3585\t708.3612739999999\tms_run[1]:52\tnull\tnull\t22\t34\t0\t0\t1",
                "PSM\tTYSKPFHPK\tP10145ups\t1\tyeast_UPS_decoy.fasta\tnull\t[MS, MS:1002387, PIA, 1.5.9]|[PSI-MS, MS:1002251, Comet, 2026.01 rev. 1 (e4f767c)]\t6.0\t1.239\t0.3592\t85.0\t6.0\t0.0148\t0.001063982746225737\tnull\t20.0355\t2\t552.7955\t552.7954320000001\tms_run[1]:54\tnull\tnull\t12\t20\t0\t0\t1",
                "PSM\tKLDLSNVQSK\tP10636-8ups\t1\tyeast_UPS_decoy.fasta\tnull\t[MS, MS:1002387, PIA, 1.5.9]|[PSI-MS, MS:1002251, Comet, 2026.01 rev. 1 (e4f767c)]\t12.0\t2.214\t0.5528\t374.0\t1.0\t0.00496\t3.565780014378146E-4\tnull\t20.2358\t2\t566.3214\t566.32269\tms_run[1]:55\tnull\tnull\t280\t289\t1\t0\t1",
                "PSM\tHGSPVDICTAKPR\tP01008ups\t1\tyeast_UPS_decoy.fasta\tnull\t[MS, MS:1002387, PIA, 1.5.9]|[PSI-MS, MS:1002251, Comet, 2026.01 rev. 1 (e4f767c)]\t17.0\t3.324\t0.6637\t213.0\t1.0\t4.34E-7\t3.1200575125808774E-8\tnull\t20.6629\t3\t479.9135\t479.91426199999995\tms_run[1]:57\tnull\tnull\t1\t13\t0\t0\t1",
                "PSM\tFSTVAGESGSADTVRDPR\tP04040ups\t1\tyeast_UPS_decoy.fasta\tnull\t[MS, MS:1002387, PIA, 1.5.9]|[PSI-MS, MS:1002251, Comet, 2026.01 rev. 1 (e4f767c)]\t14.0\t1.449\t0.4182\t145.0\t1.0\t0.00165\t1.186196980589504E-4\tnull\t20.8739\t2\t926.4465\t926.4439219999999\tms_run[1]:58\tnull\tnull\t112\t129\t1\t0\t1",
                "PSM\tGSHMDVFKK\tO76070ups\t1\tyeast_UPS_decoy.fasta\tnull\t[MS, MS:1002387, PIA, 1.5.9]|[PSI-MS, MS:1002251, Comet, 2026.01 rev. 1 (e4f767c)]\t8.0\t1.496\t0.3944\t75.0\t1.0\t0.0035\t2.516175413371675E-4\t4-UNIMOD:35\t21.095\t2\t532.7643\t532.7623019999999\tms_run[1]:59\tnull\tnull\t18\t26\t1\t0\t1",
                "PSM\tATEDEGSEQKIPEATNR\tP01008ups\t1\tyeast_UPS_decoy.fasta\tnull\t[MS, MS:1002387, PIA, 1.5.9]|[PSI-MS, MS:1002251, Comet, 2026.01 rev. 1 (e4f767c)]\t16.0\t2.539\t0.5093\t290.0\t1.0\t2.55E-6\t1.8332135154565064E-7\tnull\t21.2921\t2\t937.9382\t937.941716\tms_run[1]:60\tnull\tnull\t30\t46\t1\t0\t1",
                "PSM\tHLAQVGDSMDR\tP55957ups\t1\tyeast_UPS_decoy.fasta\tnull\t[MS, MS:1002387, PIA, 1.5.9]|[PSI-MS, MS:1002251, Comet, 2026.01 rev. 1 (e4f767c)]\t15.0\t2.189\t0.6565\t627.0\t1.0\t1.03E-6\t7.40474478792236E-8\t9-UNIMOD:35\t21.5132\t2\t622.7904\t622.7856720000001\tms_run[1]:61\tnull\tnull\t89\t99\t0\t0\t1",
                "PSM\tTCVADESAENCDK\tP02768ups\t1\tyeast_UPS_decoy.fasta\tnull\t[MS, MS:1002387, PIA, 1.5.9]|[PSI-MS, MS:1002251, Comet, 2026.01 rev. 1 (e4f767c)]\t16.0\t2.83\t0.7346\t799.0\t1.0\t3.73E-8\t2.681524083393243E-9\tnull\t21.7167\t2\t749.7907\t749.795026\tms_run[1]:62\tnull\tnull\t51\t63\t0\t0\t1",
                "PSM\tNVQCRPTQVQLRPVQVR\tP01127ups\t1\tyeast_UPS_decoy.fasta\tnull\t[MS, MS:1002387, PIA, 1.5.9]|[PSI-MS, MS:1002251, Comet, 2026.01 rev. 1 (e4f767c)]\t10.0\t1.467\t0.3204\t43.0\t18.0\t0.0938\t0.006743350107836089\tnull\t22.3157\t3\t693.3864\t693.3817380000002\tms_run[1]:64\tnull\tnull\t57\t73\t0\t0\t1",
                "PSM\tSLASDITDEQKK\tP16083ups\t1\tyeast_UPS_decoy.fasta\tnull\t[MS, MS:1002387, PIA, 1.5.9]|[PSI-MS, MS:1002251, Comet, 2026.01 rev. 1 (e4f767c)]\t12.0\t2.483\t0.5526\t332.0\t1.0\t1.02E-4\t7.3328540618260255E-6\tnull\t22.451\t2\t667.8438\t667.8432779999999\tms_run[1]:65\tnull\tnull\t79\t90\t1\t0\t1",
                "PSM\tNLSVEDAAR\tP04040ups\t1\tyeast_UPS_decoy.fasta\tnull\t[MS, MS:1002387, PIA, 1.5.9]|[PSI-MS, MS:1002251, Comet, 2026.01 rev. 1 (e4f767c)]\t12.0\t1.635\t0.4765\t226.0\t1.0\t0.0127\t9.130122214234365E-4\tnull\t22.72\t2\t487.7509\t487.746526\tms_run[1]:67\tnull\tnull\t243\t251\t0\t0\t1",
                "PSM\tSRTPSLPTPPTREPK\tP10636-8ups\t1\tyeast_UPS_decoy.fasta\tnull\t[MS, MS:1002387, PIA, 1.5.9]|[PSI-MS, MS:1002251, Comet, 2026.01 rev. 1 (e4f767c)]\t13.0\t1.593\t0.5631\t82.0\t1.0\t0.0025\t1.7972681524083397E-4\tnull\t22.8449\t3\t555.3084\t555.3103469999999\tms_run[1]:68\tnull\tnull\t209\t223\t2\t0\t1",
                "PSM\tTLVVHEK\tP00441ups\t1\tyeast_UPS_decoy.fasta\tnull\t[MS, MS:1002387, PIA, 1.5.9]|[PSI-MS, MS:1002251, Comet, 2026.01 rev. 1 (e4f767c)]\t10.0\t1.533\t0.4599\t390.0\t1.0\t7.07E-4\t5.082674335010784E-5\tnull\t23.1109\t2\t413.2451\t413.245056\tms_run[1]:70\tnull\tnull\t116\t122\t0\t0\t1",
                "PSM\tAEFAEVSK\tP02768ups\t1\tyeast_UPS_decoy.fasta\tnull\t[MS, MS:1002387, PIA, 1.5.9]|[PSI-MS, MS:1002251, Comet, 2026.01 rev. 1 (e4f767c)]\t10.0\t1.601\t0.2979\t185.0\t1.0\t0.0447\t0.003213515456506111\tnull\t23.2307\t2\t440.7239\t440.72445\tms_run[1]:71\tnull\tnull\t225\t232\t0\t0\t1",
                "PSM\tDPNGLPPEAQK\tP02753ups\t1\tyeast_UPS_decoy.fasta\tnull\t[MS, MS:1002387, PIA, 1.5.9]|[PSI-MS, MS:1002251, Comet, 2026.01 rev. 1 (e4f767c)]\t10.0\t2.023\t0.2837\t175.0\t1.0\t0.00128\t9.202012940330699E-5\tnull\t23.7702\t2\t583.2961\t583.2959539999999\tms_run[1]:75\tnull\tnull\t158\t168\t0\t0\t1",
                "PSM\tVGAHAGEYGAEALER\tP69905ups\t1\tyeast_UPS_decoy.fasta\tnull\t[MS, MS:1002387, PIA, 1.5.9]|[PSI-MS, MS:1002251, Comet, 2026.01 rev. 1 (e4f767c)]\t14.0\t2.477\t0.5741\t369.0\t1.0\t2.63E-5\t1.8907260963335732E-6\tnull\t24.1764\t2\t765.3718\t765.3697719999999\tms_run[1]:78\tnull\tnull\t17\t31\t0\t0\t1",
                "PSM\tLFACSNK\tP06396ups\t1\tyeast_UPS_decoy.fasta\tnull\t[MS, MS:1002387, PIA, 1.5.9]|[PSI-MS, MS:1002251, Comet, 2026.01 rev. 1 (e4f767c)]\t9.0\t1.408\t0.3445\t422.0\t1.0\t0.0119\t8.554996405463697E-4\tnull\t24.3364\t2\t420.2072\t420.20807599999995\tms_run[1]:79\tnull\tnull\t642\t648\t0\t0\t1",
                "PSM\tTSETKHDTSLKPISVSYNPATAK\tP00915ups\t1\tyeast_UPS_decoy.fasta\tnull\t[MS, MS:1002387, PIA, 1.5.9]|[PSI-MS, MS:1002251, Comet, 2026.01 rev. 1 (e4f767c)]\t22.0\t2.907\t0.5845\t388.0\t1.0\t6.14E-6\t4.414090582314882E-7\tnull\t24.4615\t3\t825.7614\t825.7643130000001\tms_run[1]:80\tnull\tnull\t35\t57\t1\t0\t1",
                "PSM\tHVVPNEVVVQR\tP06396ups\t1\tyeast_UPS_decoy.fasta\tnull\t[MS, MS:1002387, PIA, 1.5.9]|[PSI-MS, MS:1002251, Comet, 2026.01 rev. 1 (e4f767c)]\t10.0\t1.675\t0.6615\t281.0\t1.0\t1.51E-5\t1.085549964054637E-6\tnull\t24.7651\t2\t638.3628\t638.361272\tms_run[1]:82\tnull\tnull\t151\t161\t0\t0\t1",
                "PSM\tFKDLGEENFK\tP02768ups\t1\tyeast_UPS_decoy.fasta\tnull\t[MS, MS:1002387, PIA, 1.5.9]|[PSI-MS, MS:1002251, Comet, 2026.01 rev. 1 (e4f767c)]\t10.0\t1.783\t0.3898\t271.0\t1.0\t0.00392\t2.8181164629762764E-4\tnull\t25.5636\t2\t613.8057\t613.8067560000001\tms_run[1]:86\tnull\tnull\t10\t19\t1\t0\t1",
                "PSM\tFGLSVGHHLGK\tP15559ups\t1\tyeast_UPS_decoy.fasta\tnull\t[MS, MS:1002387, PIA, 1.5.9]|[PSI-MS, MS:1002251, Comet, 2026.01 rev. 1 (e4f767c)]\t14.0\t1.87\t0.1888\t418.0\t1.0\t0.0173\t0.001243709561466571\tnull\t25.6838\t2\t576.3189\t576.3203800000001\tms_run[1]:87\tnull\tnull\t251\t261\t0\t0\t1",
                "PSM\tVIGQDSSEIHFK\tP63165ups\t1\tyeast_UPS_decoy.fasta\tnull\t[MS, MS:1002387, PIA, 1.5.9]|[PSI-MS, MS:1002251, Comet, 2026.01 rev. 1 (e4f767c)]\t13.0\t2.608\t0.426\t359.0\t1.0\t1.01E-6\t7.260963335729693E-8\tnull\t26.167\t2\t680.3491\t680.348482\tms_run[1]:91\tnull\tnull\t265\t276\t0\t0\t1",
                "PSM\tVIESGPHCANTEIIVK\tP10145ups\t1\tyeast_UPS_decoy.fasta\tnull\t[MS, MS:1002387, PIA, 1.5.9]|[PSI-MS, MS:1002251, Comet, 2026.01 rev. 1 (e4f767c)]\t10.0\t1.887\t0.5273\t103.0\t1.0\t6.95E-4\t4.9964054636951835E-5\tnull\t26.2929\t2\t883.9579\t883.9599219999999\tms_run[1]:92\tnull\tnull\t27\t42\t0\t0\t1",
                "PSM\tGLAPEVADR\tP12081ups\t1\tyeast_UPS_decoy.fasta\tnull\t[MS, MS:1002387, PIA, 1.5.9]|[PSI-MS, MS:1002251, Comet, 2026.01 rev. 1 (e4f767c)]\t6.0\t1.064\t0.2716\t107.0\t2.0\t0.0416\t0.002990654205607477\tnull\t26.4344\t2\t464.247\t464.249698\tms_run[1]:93\tnull\tnull\t258\t266\t0\t0\t1",
                "PSM\tGQGCPSTHVLLTHTISR\tP01375ups\t1\tyeast_UPS_decoy.fasta\tnull\t[MS, MS:1002387, PIA, 1.5.9]|[PSI-MS, MS:1002251, Comet, 2026.01 rev. 1 (e4f767c)]\t23.0\t2.122\t0.4453\t159.0\t1.0\t0.0032\t2.3005032350826746E-4\tnull\t26.5573\t3\t621.9877\t621.9885429999999\tms_run[1]:94\tnull\tnull\t66\t82\t0\t0\t1",
                "PSM\tSPVVSGDTSPR\tP10636-8ups\t1\tyeast_UPS_decoy.fasta\tnull\t[MS, MS:1002387, PIA, 1.5.9]|[PSI-MS, MS:1002251, Comet, 2026.01 rev. 1 (e4f767c)]\t15.0\t2.157\t0.5165\t443.0\t1.0\t4.08E-6\t2.93314162473041E-7\tnull\t26.9559\t2\t551.2779\t551.282854\tms_run[1]:97\tnull\tnull\t395\t405\t0\t0\t1",
                "PSM\tADDKETCFAEEGKK\tP02768ups\t1\tyeast_UPS_decoy.fasta\tnull\t[MS, MS:1002387, PIA, 1.5.9]|[PSI-MS, MS:1002251, Comet, 2026.01 rev. 1 (e4f767c)]\t14.0\t2.615\t0.6352\t139.0\t1.0\t2.94E-4\t2.1135873472322073E-5\tnull\t27.0922\t3\t543.2463\t543.2487809999999\tms_run[1]:98\tnull\tnull\t560\t573\t2\t0\t1",
                "PSM\tNVAVDELSR\tP16083ups\t1\tyeast_UPS_decoy.fasta\tnull\t[MS, MS:1002387, PIA, 1.5.9]|[PSI-MS, MS:1002251, Comet, 2026.01 rev. 1 (e4f767c)]\t10.0\t1.574\t0.6099\t278.0\t1.0\t8.47E-6\t6.089144500359454E-7\tnull\t28.4847\t2\t501.7641\t501.764626\tms_run[1]:106\tnull\tnull\t23\t31\t0\t0\t1",
                "PSM\tTKENVVQSVTSVAEK\tO76070ups\t1\tyeast_UPS_decoy.fasta\tnull\t[MS, MS:1002387, PIA, 1.5.9]|[PSI-MS, MS:1002251, Comet, 2026.01 rev. 1 (e4f767c)]\t13.0\t2.585\t0.5946\t113.0\t1.0\t1.13E-6\t8.123652048885695E-8\tnull\t28.6975\t3\t540.2933\t540.2925949999998\tms_run[1]:108\tnull\tnull\t64\t78\t1\t0\t1",
                "PSM\tTKENVVQSVTSVAEK\tO76070ups\t1\tyeast_UPS_decoy.fasta\tnull\t[MS, MS:1002387, PIA, 1.5.9]|[PSI-MS, MS:1002251, Comet, 2026.01 rev. 1 (e4f767c)]\t14.0\t3.016\t0.6771\t527.0\t1.0\t4.61E-7\t3.3141624730409784E-8\tnull\t28.8197\t2\t809.9363\t809.9356180000001\tms_run[1]:109\tnull\tnull\t64\t78\t1\t0\t1",
                "PSM\tVLIVYAHQEPK\tP16083ups\t1\tyeast_UPS_decoy.fasta\tnull\t[MS, MS:1002387, PIA, 1.5.9]|[PSI-MS, MS:1002251, Comet, 2026.01 rev. 1 (e4f767c)]\t14.0\t2.532\t0.4747\t723.0\t1.0\t3.27E-4\t2.350826743350108E-5\tnull\t29.0563\t2\t648.8681\t648.8702239999999\tms_run[1]:111\tnull\tnull\t5\t15\t0\t0\t1",
                "PSM\tVPEARPNSMVVEHPEFLK\tP06396ups\t1\tyeast_UPS_decoy.fasta\tnull\t[MS, MS:1002387, PIA, 1.5.9]|[PSI-MS, MS:1002251, Comet, 2026.01 rev. 1 (e4f767c)]\t13.0\t2.315\t0.6151\t40.0\t1.0\t7.78E-4\t5.593098490294753E-5\t9-UNIMOD:35\t29.4091\t3\t699.026\t699.0266240000001\tms_run[1]:114\tnull\tnull\t17\t34\t0\t0\t1",
                "PSM\tGFYFSRPASR\tP01344ups\t1\tyeast_UPS_decoy.fasta\tnull\t[MS, MS:1002387, PIA, 1.5.9]|[PSI-MS, MS:1002251, Comet, 2026.01 rev. 1 (e4f767c)]\t11.0\t1.623\t0.3949\t250.0\t1.0\t0.00516\t3.7095614665708126E-4\tnull\t29.5444\t2\t594.3024\t594.3004940000001\tms_run[1]:115\tnull\tnull\t25\t34\t0\t0\t1",
                "PSM\tIGSLDNITHVPGGGNK\tP10636-8ups\t1\tyeast_UPS_decoy.fasta\tnull\t[MS, MS:1002387, PIA, 1.5.9]|[PSI-MS, MS:1002251, Comet, 2026.01 rev. 1 (e4f767c)]\t16.0\t2.379\t0.5212\t454.0\t1.0\t6.08E-5\t4.370956146657082E-6\tnull\t29.6617\t2\t789.9179\t789.9128219999999\tms_run[1]:116\tnull\tnull\t353\t368\t0\t0\t1",
                "PSM\tIEADSESQEDIIR\tP55957ups\t1\tyeast_UPS_decoy.fasta\tnull\t[MS, MS:1002387, PIA, 1.5.9]|[PSI-MS, MS:1002251, Comet, 2026.01 rev. 1 (e4f767c)]\t15.0\t2.945\t0.6333\t847.0\t1.0\t2.11E-6\t1.5168943206326387E-7\tnull\t29.7892\t2\t752.8618\t752.858034\tms_run[1]:117\tnull\tnull\t72\t84\t0\t0\t1",
                "PSM\tSVIPSDGPSVACVK\tP02787ups\t1\tyeast_UPS_decoy.fasta\tnull\t[MS, MS:1002387, PIA, 1.5.9]|[PSI-MS, MS:1002251, Comet, 2026.01 rev. 1 (e4f767c)]\t15.0\t1.5\t0.6353\t175.0\t1.0\t6.29E-5\t4.521926671459382E-6\tnull\t29.9166\t2\t708.3628\t708.3643679999999\tms_run[1]:118\tnull\tnull\t28\t41\t0\t0\t1",
                "PSM\tFKDLGEENFK\tP02768ups\t1\tyeast_UPS_decoy.fasta\tnull\t[MS, MS:1002387, PIA, 1.5.9]|[PSI-MS, MS:1002251, Comet, 2026.01 rev. 1 (e4f767c)]\t12.0\t2.027\t0.3868\t120.0\t1.0\t0.00361\t2.595255212077642E-4\tnull\t30.189\t3\t409.5399\t409.5399330000001\tms_run[1]:120\tnull\tnull\t10\t19\t1\t0\t1",
                "PSM\tLQPLDFKENAEQSR\tP01008ups\t1\tyeast_UPS_decoy.fasta\tnull\t[MS, MS:1002387, PIA, 1.5.9]|[PSI-MS, MS:1002251, Comet, 2026.01 rev. 1 (e4f767c)]\t15.0\t2.001\t0.6122\t175.0\t1.0\t3.75E-7\t2.6959022286125093E-8\tnull\t30.4313\t2\t837.9281\t837.923752\tms_run[1]:122\tnull\tnull\t170\t183\t1\t0\t1",
                "PSM\tVEADIPGHGQEVLIR\tP02144ups\t1\tyeast_UPS_decoy.fasta\tnull\t[MS, MS:1002387, PIA, 1.5.9]|[PSI-MS, MS:1002251, Comet, 2026.01 rev. 1 (e4f767c)]\t18.0\t1.492\t0.5282\t66.0\t1.0\t0.00553\t3.975557153127247E-4\tnull\t30.8347\t3\t544.9622\t544.9605499999998\tms_run[1]:125\tnull\tnull\t17\t31\t0\t0\t1",
                "PSM\tLVVVGAGGVGK\tP01112ups\t1\tyeast_UPS_decoy.fasta\tnull\t[MS, MS:1002387, PIA, 1.5.9]|[PSI-MS, MS:1002251, Comet, 2026.01 rev. 1 (e4f767c)]\t14.0\t2.348\t0.5268\t565.0\t1.0\t4.78E-4\t3.436376707404745E-5\tnull\t31.4677\t2\t478.3003\t478.300468\tms_run[1]:128\tnull\tnull\t6\t16\t0\t0\t1",
                "PSM\tKVPQVSTPTLVEVSR\tP02768ups\t1\tyeast_UPS_decoy.fasta\tnull\t[MS, MS:1002387, PIA, 1.5.9]|[PSI-MS, MS:1002251, Comet, 2026.01 rev. 1 (e4f767c)]\t22.0\t2.656\t0.5456\t284.0\t1.0\t2.11E-5\t1.5168943206326387E-6\tnull\t31.5752\t3\t547.3185\t547.3152990000002\tms_run[1]:129\tnull\tnull\t413\t427\t1\t0\t1",
                "PSM\tYLGEEYVK\tP02787ups\t1\tyeast_UPS_decoy.fasta\tnull\t[MS, MS:1002387, PIA, 1.5.9]|[PSI-MS, MS:1002251, Comet, 2026.01 rev. 1 (e4f767c)]\t11.0\t1.678\t0.4648\t310.0\t1.0\t0.0017\t1.2221423436376707E-4\tnull\t31.7174\t2\t500.7524\t500.75346599999995\tms_run[1]:130\tnull\tnull\t650\t657\t0\t0\t1",
                "PSM\tLQTAPVPMPDLK\tP10636-8ups\t1\tyeast_UPS_decoy.fasta\tnull\t[MS, MS:1002387, PIA, 1.5.9]|[PSI-MS, MS:1002251, Comet, 2026.01 rev. 1 (e4f767c)]\t14.0\t2.211\t0.5106\t394.0\t1.0\t4.3E-5\t3.0913012221423442E-6\t8-UNIMOD:35\t31.8248\t2\t663.3606\t663.3600120000001\tms_run[1]:131\tnull\tnull\t242\t253\t0\t0\t1",
                "PSM\tKAFVFPK\tP02741ups\t1\tyeast_UPS_decoy.fasta\tnull\t[MS, MS:1002387, PIA, 1.5.9]|[PSI-MS, MS:1002251, Comet, 2026.01 rev. 1 (e4f767c)]\t9.0\t1.35\t0.2748\t206.0\t1.0\t0.00363\t2.609633357296909E-4\tnull\t32.056\t2\t418.7547\t418.755462\tms_run[1]:133\tnull\tnull\t9\t15\t1\t0\t1",
                "PSM\tASAELIEEEVAK\tP12081ups\t1\tyeast_UPS_decoy.fasta\tnull\t[MS, MS:1002387, PIA, 1.5.9]|[PSI-MS, MS:1002251, Comet, 2026.01 rev. 1 (e4f767c)]\t12.0\t2.807\t0.5379\t522.0\t1.0\t8.35E-4\t6.002875629043854E-5\tnull\t32.1603\t2\t644.8357\t644.8346640000001\tms_run[1]:134\tnull\tnull\t26\t37\t0\t0\t1",
                "PSM\tKITIADCGQLE\tP62937ups\t1\tyeast_UPS_decoy.fasta\tnull\t[MS, MS:1002387, PIA, 1.5.9]|[PSI-MS, MS:1002251, Comet, 2026.01 rev. 1 (e4f767c)]\t12.0\t2.452\t0.675\t527.0\t1.0\t1.29E-8\t9.273903666427032E-10\tnull\t32.2773\t2\t624.3187\t624.3185899999999\tms_run[1]:135\tnull\tnull\t175\t185\t1\t0\t1",
                "PSM\tVNVDEVGGEALGR\tP68871ups\t1\tyeast_UPS_decoy.fasta\tnull\t[MS, MS:1002387, PIA, 1.5.9]|[PSI-MS, MS:1002251, Comet, 2026.01 rev. 1 (e4f767c)]\t11.0\t2.84\t0.5965\t418.0\t1.0\t1.59E-8\t1.1430625449317039E-9\tnull\t32.3929\t2\t657.8353\t657.836796\tms_run[1]:136\tnull\tnull\t18\t30\t0\t0\t1",
                "PSM\tIGSLDNITHVPGGGNK\tP10636-8ups\t1\tyeast_UPS_decoy.fasta\tnull\t[MS, MS:1002387, PIA, 1.5.9]|[PSI-MS, MS:1002251, Comet, 2026.01 rev. 1 (e4f767c)]\t9.0\t1.086\t0.395\t15.0\t13.0\t0.0573\t0.004119338605319914\tnull\t32.5148\t3\t526.946\t526.945997\tms_run[1]:137\tnull\tnull\t353\t368\t0\t0\t1",
                "PSM\tTEWLDGK\tP62937ups\t1\tyeast_UPS_decoy.fasta\tnull\t[MS, MS:1002387, PIA, 1.5.9]|[PSI-MS, MS:1002251, Comet, 2026.01 rev. 1 (e4f767c)]\t5.0\t1.16\t0.6267\t71.0\t1.0\t0.00771\t5.542774982027319E-4\tnull\t32.6462\t2\t424.7108\t424.711336\tms_run[1]:138\tnull\tnull\t139\t145\t0\t0\t1",
                "PSM\tSTWLILHHK\tP00167ups\t1\tyeast_UPS_decoy.fasta\tnull\t[MS, MS:1002387, PIA, 1.5.9]|[PSI-MS, MS:1002251, Comet, 2026.01 rev. 1 (e4f767c)]\t4.0\t1.396\t0.505\t25.0\t15.0\t1.5E-4\t1.0783608914450036E-5\tnull\t32.7557\t2\t567.8247\t567.824416\tms_run[1]:139\tnull\tnull\t31\t39\t0\t0\t1",
                "PSM\tKVPQVSTPTLVEVSR\tP02768ups\t1\tyeast_UPS_decoy.fasta\tnull\t[MS, MS:1002387, PIA, 1.5.9]|[PSI-MS, MS:1002251, Comet, 2026.01 rev. 1 (e4f767c)]\t13.0\t2.017\t0.5082\t109.0\t1.0\t1.26E-4\t9.05823148813803E-6\tnull\t32.8693\t2\t820.4746\t820.4704240000001\tms_run[1]:140\tnull\tnull\t413\t427\t1\t0\t1",
                "PSM\tKQGGLGPMNIPLVSDPKR\tQ06830ups\t1\tyeast_UPS_decoy.fasta\tnull\t[MS, MS:1002387, PIA, 1.5.9]|[PSI-MS, MS:1002251, Comet, 2026.01 rev. 1 (e4f767c)]\t11.0\t1.801\t0.2676\t84.0\t11.0\t0.102\t0.007332854061826025\t8-UNIMOD:35\t33.0016\t3\t641.6881\t641.6863810000002\tms_run[1]:141\tnull\tnull\t92\t109\t2\t0\t1",
                "PSM\tTEWLDGKHVVFGK\tP62937ups\t1\tyeast_UPS_decoy.fasta\tnull\t[MS, MS:1002387, PIA, 1.5.9]|[PSI-MS, MS:1002251, Comet, 2026.01 rev. 1 (e4f767c)]\t8.0\t1.592\t0.4585\t20.0\t26.0\t0.0569\t0.004090582314881381\tnull\t33.1395\t3\t505.9369\t505.93619200000006\tms_run[1]:142\tnull\tnull\t139\t151\t1\t0\t1",
                "PSM\tALIVLAHSER\tP15559ups\t1\tyeast_UPS_decoy.fasta\tnull\t[MS, MS:1002387, PIA, 1.5.9]|[PSI-MS, MS:1002251, Comet, 2026.01 rev. 1 (e4f767c)]\t9.0\t1.721\t0.4381\t199.0\t3.0\t0.00508\t3.652048885693746E-4\tnull\t33.5118\t2\t554.8292\t554.8253960000001\tms_run[1]:145\tnull\tnull\t5\t14\t0\t0\t1",
                "PSM\tWDGQETTLVR\tP05413ups\t1\tyeast_UPS_decoy.fasta\tnull\t[MS, MS:1002387, PIA, 1.5.9]|[PSI-MS, MS:1002251, Comet, 2026.01 rev. 1 (e4f767c)]\t14.0\t2.208\t0.4534\t522.0\t1.0\t1.06E-4\t7.62041696621136E-6\tnull\t33.6309\t2\t602.8017\t602.801254\tms_run[1]:146\tnull\tnull\t97\t106\t0\t0\t1",
                "PSM\tLVNEVTEFAK\tP02768ups\t1\tyeast_UPS_decoy.fasta\tnull\t[MS, MS:1002387, PIA, 1.5.9]|[PSI-MS, MS:1002251, Comet, 2026.01 rev. 1 (e4f767c)]\t14.0\t2.299\t0.4885\t638.0\t1.0\t0.00122\t8.770668583752696E-5\tnull\t34.1657\t2\t575.311\t575.311292\tms_run[1]:148\tnull\tnull\t41\t50\t0\t0\t1",
                "PSM\tVLTEIIASR\tP08758ups\t1\tyeast_UPS_decoy.fasta\tnull\t[MS, MS:1002387, PIA, 1.5.9]|[PSI-MS, MS:1002251, Comet, 2026.01 rev. 1 (e4f767c)]\t10.0\t1.901\t0.4997\t216.0\t1.0\t0.00102\t7.332854061826026E-5\tnull\t34.2762\t2\t501.303\t501.30324800000005\tms_run[1]:149\tnull\tnull\t108\t116\t0\t0\t1",
                "PSM\tGIVEECCFR\tP01344ups\t1\tyeast_UPS_decoy.fasta\tnull\t[MS, MS:1002387, PIA, 1.5.9]|[PSI-MS, MS:1002251, Comet, 2026.01 rev. 1 (e4f767c)]\t8.0\t1.503\t0.175\t127.0\t1.0\t0.0137\t9.8490294751977E-4\tnull\t34.3816\t2\t585.2617\t585.2533679999999\tms_run[1]:150\tnull\tnull\t41\t49\t0\t0\t1",
                "PSM\tSLGVGFATR\tP05413ups\t1\tyeast_UPS_decoy.fasta\tnull\t[MS, MS:1002387, PIA, 1.5.9]|[PSI-MS, MS:1002251, Comet, 2026.01 rev. 1 (e4f767c)]\t10.0\t1.854\t0.1645\t352.0\t1.0\t9.15E-4\t6.578001437814522E-5\tnull\t34.4946\t2\t454.2529\t454.25396800000004\tms_run[1]:151\tnull\tnull\t22\t30\t0\t0\t1",
                "PSM\tQITVNDLPVGR\tQ06830ups\t1\tyeast_UPS_decoy.fasta\tnull\t[MS, MS:1002387, PIA, 1.5.9]|[PSI-MS, MS:1002251, Comet, 2026.01 rev. 1 (e4f767c)]\t11.0\t1.722\t0.6638\t143.0\t1.0\t4.52E-7\t3.249460819554278E-8\tnull\t34.5988\t2\t606.3414\t606.340138\tms_run[1]:152\tnull\tnull\t140\t150\t0\t0\t1",
                "PSM\tAALEELVK\tP12081ups\t1\tyeast_UPS_decoy.fasta\tnull\t[MS, MS:1002387, PIA, 1.5.9]|[PSI-MS, MS:1002251, Comet, 2026.01 rev. 1 (e4f767c)]\t12.0\t2.204\t0.4841\t576.0\t1.0\t2.69E-4\t1.933860531991373E-5\tnull\t34.7177\t2\t436.7581\t436.757936\tms_run[1]:153\tnull\tnull\t5\t12\t0\t0\t1",
                "PSM\tYYGYTGAFR\tP02788ups\t1\tyeast_UPS_decoy.fasta\tnull\t[MS, MS:1002387, PIA, 1.5.9]|[PSI-MS, MS:1002251, Comet, 2026.01 rev. 1 (e4f767c)]\t6.0\t1.729\t0.5697\t45.0\t1.0\t8.0E-5\t5.751258087706687E-6\tnull\t34.8216\t2\t549.2568\t549.255548\tms_run[1]:154\tnull\tnull\t525\t533\t0\t0\t1",
                "PSM\tAFTECCVVASQLR\tP01031ups\t1\tyeast_UPS_decoy.fasta\tnull\t[MS, MS:1002387, PIA, 1.5.9]|[PSI-MS, MS:1002251, Comet, 2026.01 rev. 1 (e4f767c)]\t14.0\t2.899\t0.6592\t462.0\t1.0\t6.64E-9\t4.77354421279655E-10\tnull\t34.9307\t2\t770.8666\t770.865336\tms_run[1]:155\tnull\tnull\t50\t62\t0\t0\t1",
                "PSM\tLYDAYELK\tP08758ups\t1\tyeast_UPS_decoy.fasta\tnull\t[MS, MS:1002387, PIA, 1.5.9]|[PSI-MS, MS:1002251, Comet, 2026.01 rev. 1 (e4f767c)]\t9.0\t1.685\t0.4979\t196.0\t1.0\t1.1E-4\t7.907979870596694E-6\tnull\t35.172\t2\t507.7654\t507.756116\tms_run[1]:157\tnull\tnull\t89\t96\t0\t0\t1",
                "PSM\tSTPTAEDVTAPLVDEGAPGK\tP10636-8ups\t1\tyeast_UPS_decoy.fasta\tnull\t[MS, MS:1002387, PIA, 1.5.9]|[PSI-MS, MS:1002251, Comet, 2026.01 rev. 1 (e4f767c)]\t13.0\t2.324\t0.5534\t200.0\t1.0\t8.5E-4\t6.110711718188354E-5\tnull\t35.5267\t2\t977.9805\t977.98717\tms_run[1]:160\tnull\tnull\t67\t86\t0\t0\t1",
                "PSM\tKQTALVELVK\tP02768ups\t1\tyeast_UPS_decoy.fasta\tnull\t[MS, MS:1002387, PIA, 1.5.9]|[PSI-MS, MS:1002251, Comet, 2026.01 rev. 1 (e4f767c)]\t9.0\t1.755\t0.5123\t211.0\t1.0\t0.0017\t1.2221423436376707E-4\tnull\t36.2201\t2\t564.8532\t564.852762\tms_run[1]:165\tnull\tnull\t524\t533\t1\t0\t1",
                "PSM\tAGALNSNDAFVLK\tP06396ups\t1\tyeast_UPS_decoy.fasta\tnull\t[MS, MS:1002387, PIA, 1.5.9]|[PSI-MS, MS:1002251, Comet, 2026.01 rev. 1 (e4f767c)]\t11.0\t2.456\t0.6364\t242.0\t1.0\t7.5E-6\t5.391804457225019E-7\tnull\t37.0022\t2\t660.3515\t660.3511679999999\tms_run[1]:169\tnull\tnull\t558\t570\t0\t0\t1",
                "PSM\tGIDYWLAHK\tP00709ups\t1\tyeast_UPS_decoy.fasta\tnull\t[MS, MS:1002387, PIA, 1.5.9]|[PSI-MS, MS:1002251, Comet, 2026.01 rev. 1 (e4f767c)]\t11.0\t2.062\t0.5902\t528.0\t1.0\t3.81E-6\t2.7390366642703097E-7\tnull\t37.2215\t2\t551.7869\t551.7883820000001\tms_run[1]:171\tnull\tnull\t100\t108\t0\t0\t1",
                "PSM\tTGPNLHGLFGR\tP99999ups\t1\tyeast_UPS_decoy.fasta\tnull\t[MS, MS:1002387, PIA, 1.5.9]|[PSI-MS, MS:1002251, Comet, 2026.01 rev. 1 (e4f767c)]\t14.0\t2.035\t0.5627\t508.0\t1.0\t5.24E-6\t3.7670740474478797E-7\tnull\t37.3322\t2\t584.8146\t584.8148439999999\tms_run[1]:172\tnull\tnull\t28\t38\t0\t0\t1",
                "PSM\tYLYEIAR\tP02768ups\t1\tyeast_UPS_decoy.fasta\tnull\t[MS, MS:1002387, PIA, 1.5.9]|[PSI-MS, MS:1002251, Comet, 2026.01 rev. 1 (e4f767c)]\t8.0\t1.812\t0.3587\t252.0\t1.0\t0.014\t0.00100647016534867\tnull\t37.4467\t2\t464.2502\t464.25052\tms_run[1]:173\tnull\tnull\t137\t143\t0\t0\t1",
                "PSM\tLYPIANGNNQSPVDIK\tP00915ups\t1\tyeast_UPS_decoy.fasta\tnull\t[MS, MS:1002387, PIA, 1.5.9]|[PSI-MS, MS:1002251, Comet, 2026.01 rev. 1 (e4f767c)]\t14.0\t2.446\t0.4415\t124.0\t1.0\t8.73E-4\t6.276060388209921E-5\tnull\t37.6752\t2\t872.4526\t871.461852\tms_run[1]:175\tnull\tnull\t19\t34\t0\t0\t1",
                "PSM\tSASDLTWDNLK\tP02787ups\t1\tyeast_UPS_decoy.fasta\tnull\t[MS, MS:1002387, PIA, 1.5.9]|[PSI-MS, MS:1002251, Comet, 2026.01 rev. 1 (e4f767c)]\t13.0\t2.386\t0.5578\t351.0\t1.0\t1.84E-5\t1.3227893601725379E-6\tnull\t37.8028\t2\t625.3058\t625.3073840000001\tms_run[1]:176\tnull\tnull\t435\t445\t0\t0\t1",
                "PSM\tSYGIPYIETSAK\tP01112ups\t1\tyeast_UPS_decoy.fasta\tnull\t[MS, MS:1002387, PIA, 1.5.9]|[PSI-MS, MS:1002251, Comet, 2026.01 rev. 1 (e4f767c)]\t11.0\t1.871\t0.5917\t189.0\t1.0\t3.3E-6\t2.3723939611790082E-7\tnull\t38.0272\t2\t664.8392\t664.8413360000001\tms_run[1]:178\tnull\tnull\t136\t147\t0\t0\t1",
                "PSM\tAGKEPGLQIWR\tP06396ups\t1\tyeast_UPS_decoy.fasta\tnull\t[MS, MS:1002387, PIA, 1.5.9]|[PSI-MS, MS:1002251, Comet, 2026.01 rev. 1 (e4f767c)]\t12.0\t2.148\t0.3031\t148.0\t1.0\t9.23E-4\t6.635514018691589E-5\tnull\t38.151\t3\t418.903\t418.903885\tms_run[1]:179\tnull\tnull\t35\t45\t1\t0\t1",
                "PSM\tDGAGDVAFIR\tP02788ups\t1\tyeast_UPS_decoy.fasta\tnull\t[MS, MS:1002387, PIA, 1.5.9]|[PSI-MS, MS:1002251, Comet, 2026.01 rev. 1 (e4f767c)]\t11.0\t2.363\t0.3673\t551.0\t1.0\t0.00271\t1.9482386772106403E-4\tnull\t38.2707\t2\t510.7587\t510.759462\tms_run[1]:180\tnull\tnull\t201\t210\t0\t0\t1",
                "PSM\tEKVFDVIIR\tP12081ups\t1\tyeast_UPS_decoy.fasta\tnull\t[MS, MS:1002387, PIA, 1.5.9]|[PSI-MS, MS:1002251, Comet, 2026.01 rev. 1 (e4f767c)]\t9.0\t1.772\t0.3499\t122.0\t1.0\t0.00933\t6.707404744787923E-4\tnull\t38.3859\t2\t559.8318\t559.8322979999999\tms_run[1]:181\tnull\tnull\t74\t82\t1\t0\t1",
                "PSM\tFQNALLVR\tP02768ups\t1\tyeast_UPS_decoy.fasta\tnull\t[MS, MS:1002387, PIA, 1.5.9]|[PSI-MS, MS:1002251, Comet, 2026.01 rev. 1 (e4f767c)]\t7.0\t1.511\t0.407\t142.0\t1.0\t0.00476\t3.421998562185479E-4\tnull\t38.6182\t2\t480.785\t480.78480199999996\tms_run[1]:183\tnull\tnull\t402\t409\t0\t0\t1",
                "PSM\tNGSDCPDKFCLFQSETK\tP02788ups\t1\tyeast_UPS_decoy.fasta\tnull\t[MS, MS:1002387, PIA, 1.5.9]|[PSI-MS, MS:1002251, Comet, 2026.01 rev. 1 (e4f767c)]\t9.0\t1.934\t0.4312\t75.0\t2.0\t0.0815\t0.005859094176851187\tnull\t39.0042\t3\t678.627\t677.6344560000001\tms_run[1]:186\tnull\tnull\t623\t639\t1\t0\t1",
                "PSM\tADLIAYLKK\tP99999ups\t1\tyeast_UPS_decoy.fasta\tnull\t[MS, MS:1002387, PIA, 1.5.9]|[PSI-MS, MS:1002251, Comet, 2026.01 rev. 1 (e4f767c)]\t10.0\t1.756\t0.2847\t230.0\t1.0\t0.00105\t7.548526240115026E-5\tnull\t39.1451\t2\t517.8156\t517.816134\tms_run[1]:187\tnull\tnull\t92\t100\t1\t0\t1",
                "PSM\tCSTSSLLEACTFR\tP02787ups\t1\tyeast_UPS_decoy.fasta\tnull\t[MS, MS:1002387, PIA, 1.5.9]|[PSI-MS, MS:1002251, Comet, 2026.01 rev. 1 (e4f767c)]\t15.0\t3.204\t0.6314\t931.0\t1.0\t3.43E-7\t2.465851905104242E-8\tnull\t39.2658\t2\t766.348\t766.3472160000001\tms_run[1]:188\tnull\tnull\t665\t677\t0\t0\t1",
                "PSM\tSTDYGIFQINSR\tP61626ups\t1\tyeast_UPS_decoy.fasta\tnull\t[MS, MS:1002387, PIA, 1.5.9]|[PSI-MS, MS:1002251, Comet, 2026.01 rev. 1 (e4f767c)]\t15.0\t3.004\t0.6168\t753.0\t1.0\t4.24E-7\t3.048166786484544E-8\tnull\t39.9236\t2\t700.8431\t700.844646\tms_run[1]:191\tnull\tnull\t51\t62\t0\t0\t1",
                "PSM\tVLDALQAIK\tP00915ups\t1\tyeast_UPS_decoy.fasta\tnull\t[MS, MS:1002387, PIA, 1.5.9]|[PSI-MS, MS:1002251, Comet, 2026.01 rev. 1 (e4f767c)]\t12.0\t2.502\t0.3701\t487.0\t1.0\t0.0486\t0.003493889288281812\tnull\t40.0438\t2\t485.8007\t485.79973399999994\tms_run[1]:192\tnull\tnull\t160\t168\t0\t0\t1",
                "PSM\tNLLFNDNTECLAR\tP02788ups\t1\tyeast_UPS_decoy.fasta\tnull\t[MS, MS:1002387, PIA, 1.5.9]|[PSI-MS, MS:1002251, Comet, 2026.01 rev. 1 (e4f767c)]\t11.0\t2.339\t0.5259\t308.0\t1.0\t8.93E-4\t6.419841840402589E-5\tnull\t40.1499\t2\t790.3803\t790.380294\tms_run[1]:193\tnull\tnull\t640\t652\t0\t0\t1",
                "PSM\tDQGGELLSLR\tP12081ups\t1\tyeast_UPS_decoy.fasta\tnull\t[MS, MS:1002387, PIA, 1.5.9]|[PSI-MS, MS:1002251, Comet, 2026.01 rev. 1 (e4f767c)]\t13.0\t1.86\t0.5226\t578.0\t1.0\t0.00319\t2.2933141624730414E-4\tnull\t40.276\t2\t544.2898\t544.29169\tms_run[1]:194\tnull\tnull\t119\t128\t0\t0\t1",
                "PSM\tSAVTALWGK\tP68871ups\t1\tyeast_UPS_decoy.fasta\tnull\t[MS, MS:1002387, PIA, 1.5.9]|[PSI-MS, MS:1002251, Comet, 2026.01 rev. 1 (e4f767c)]\t10.0\t2.041\t0.3611\t400.0\t1.0\t6.85E-5\t4.92451473759885E-6\tnull\t40.3929\t2\t466.7635\t466.76377\tms_run[1]:195\tnull\tnull\t9\t17\t0\t0\t1",
                "PSM\tRHPDYSVVLLLR\tP02768ups\t1\tyeast_UPS_decoy.fasta\tnull\t[MS, MS:1002387, PIA, 1.5.9]|[PSI-MS, MS:1002251, Comet, 2026.01 rev. 1 (e4f767c)]\t18.0\t2.506\t0.577\t177.0\t1.0\t1.64E-4\t1.1790079079798708E-5\tnull\t40.6257\t3\t489.9525\t489.95261100000005\tms_run[1]:197\tnull\tnull\t336\t347\t1\t0\t1",
                "PSM\tGTVTDFPGFDER\tP08758ups\t1\tyeast_UPS_decoy.fasta\tnull\t[MS, MS:1002387, PIA, 1.5.9]|[PSI-MS, MS:1002251, Comet, 2026.01 rev. 1 (e4f767c)]\t9.0\t1.975\t0.5225\t185.0\t1.0\t6.45E-5\t4.636951833213516E-6\tnull\t40.7544\t2\t670.8022\t670.816798\tms_run[1]:198\tnull\tnull\t6\t17\t0\t0\t1",
                "PSM\tHGAEVIDTPVFELK\tP12081ups\t1\tyeast_UPS_decoy.fasta\tnull\t[MS, MS:1002387, PIA, 1.5.9]|[PSI-MS, MS:1002251, Comet, 2026.01 rev. 1 (e4f767c)]\t13.0\t3.137\t0.693\t392.0\t1.0\t3.51E-7\t2.5233644859813088E-8\tnull\t41.1419\t2\t777.9133\t777.9102119999999\tms_run[1]:201\tnull\tnull\t87\t100\t0\t0\t1",
                "PSM\tVSFELFADKVPK\tP62937ups\t1\tyeast_UPS_decoy.fasta\tnull\t[MS, MS:1002387, PIA, 1.5.9]|[PSI-MS, MS:1002251, Comet, 2026.01 rev. 1 (e4f767c)]\t12.0\t2.38\t0.3437\t386.0\t1.0\t0.00265\t1.90510424155284E-4\tnull\t41.2763\t2\t690.3847\t690.3795060000001\tms_run[1]:202\tnull\tnull\t40\t51\t1\t0\t1",
                "PSM\tDLLFRDDTVCLAK\tP02787ups\t1\tyeast_UPS_decoy.fasta\tnull\t[MS, MS:1002387, PIA, 1.5.9]|[PSI-MS, MS:1002251, Comet, 2026.01 rev. 1 (e4f767c)]\t8.0\t2.043\t0.44\t80.0\t6.0\t6.71E-4\t4.8238677210639835E-5\tnull\t41.5448\t2\t783.4031\t783.403382\tms_run[1]:204\tnull\tnull\t628\t640\t1\t0\t1",
                "PSM\tWSALYDVR\tO00762ups\t1\tyeast_UPS_decoy.fasta\tnull\t[MS, MS:1002387, PIA, 1.5.9]|[PSI-MS, MS:1002251, Comet, 2026.01 rev. 1 (e4f767c)]\t8.0\t1.758\t0.4118\t206.0\t1.0\t0.0116\t8.339324227174695E-4\tnull\t41.6836\t2\t505.2599\t505.25753399999996\tms_run[1]:205\tnull\tnull\t128\t135\t0\t0\t1",
                "PSM\tQTQVSVLPEGGETPLFK\tP06396ups\t1\tyeast_UPS_decoy.fasta\tnull\t[MS, MS:1002387, PIA, 1.5.9]|[PSI-MS, MS:1002251, Comet, 2026.01 rev. 1 (e4f767c)]\t10.0\t2.157\t0.5299\t94.0\t1.0\t6.63E-5\t4.766355140186917E-6\tnull\t42.0516\t2\t915.4873\t915.484332\tms_run[1]:208\tnull\tnull\t347\t363\t0\t0\t1",
                "PSM\tYDLTVPFAR\tP07263\t0\tyeast_UPS_decoy.fasta\tnull\t[MS, MS:1002387, PIA, 1.5.9]|[PSI-MS, MS:1002251, Comet, 2026.01 rev. 1 (e4f767c)]\t12.0\t2.233\t0.5849\t519.0\t1.0\t1.33E-4\t9.561466570812368E-6\tnull\t42.8586\t2\t541.2878\t541.287148\tms_run[1]:212\tnull\tnull\t128\t136\t0\t0\t1",
                "PSM\tYDLTVPFAR\tP12081ups\t0\tyeast_UPS_decoy.fasta\tnull\t[MS, MS:1002387, PIA, 1.5.9]|[PSI-MS, MS:1002251, Comet, 2026.01 rev. 1 (e4f767c)]\t12.0\t2.233\t0.5849\t519.0\t1.0\t1.33E-4\t9.561466570812368E-6\tnull\t42.8586\t2\t541.2878\t541.287148\tms_run[1]:212\tnull\tnull\t129\t137\t0\t0\t1",
                "PSM\tANRPFLVFIR\tP01008ups\t1\tyeast_UPS_decoy.fasta\tnull\t[MS, MS:1002387, PIA, 1.5.9]|[PSI-MS, MS:1002251, Comet, 2026.01 rev. 1 (e4f767c)]\t14.0\t2.237\t0.422\t223.0\t1.0\t0.0382\t0.0027462257368799426\tnull\t42.9708\t3\t411.5804\t411.579992\tms_run[1]:213\tnull\tnull\t404\t413\t0\t0\t1",
                "PSM\tANRPFLVFIR\tP01008ups\t1\tyeast_UPS_decoy.fasta\tnull\t[MS, MS:1002387, PIA, 1.5.9]|[PSI-MS, MS:1002251, Comet, 2026.01 rev. 1 (e4f767c)]\t12.0\t1.758\t0.3373\t349.0\t1.0\t0.00697\t5.01078360891445E-4\tnull\t43.1945\t2\t616.8671\t616.866414\tms_run[1]:215\tnull\tnull\t404\t413\t0\t0\t1",
                "PSM\tVNLLSAIK\tP01375ups\t1\tyeast_UPS_decoy.fasta\tnull\t[MS, MS:1002387, PIA, 1.5.9]|[PSI-MS, MS:1002251, Comet, 2026.01 rev. 1 (e4f767c)]\t8.0\t1.815\t0.3868\t246.0\t1.0\t3.85E-4\t2.7677929547088427E-5\tnull\t43.312\t2\t429.2768\t429.27595600000006\tms_run[1]:216\tnull\tnull\t91\t98\t0\t0\t1",
                "PSM\tMSPILGYWK\tP63165ups\t1\tyeast_UPS_decoy.fasta\tnull\t[MS, MS:1002387, PIA, 1.5.9]|[PSI-MS, MS:1002251, Comet, 2026.01 rev. 1 (e4f767c)]\t5.0\t1.396\t0.4384\t39.0\t5.0\t0.00213\t1.5312724658519053E-4\t1-UNIMOD:35\t43.4163\t2\t555.7865\t555.78599\tms_run[1]:217\tnull\tnull\t1\t9\t0\t0\t1",
                "PSM\tCGLVPVLAENYK\tP02788ups\t1\tyeast_UPS_decoy.fasta\tnull\t[MS, MS:1002387, PIA, 1.5.9]|[PSI-MS, MS:1002251, Comet, 2026.01 rev. 1 (e4f767c)]\t12.0\t1.929\t0.4033\t217.0\t1.0\t0.0112\t8.051761322789361E-4\tnull\t43.5293\t2\t681.8613\t681.854576\tms_run[1]:218\tnull\tnull\t405\t416\t0\t0\t1",
                "PSM\tEVPLNTIIFMGR\tP01008ups\t1\tyeast_UPS_decoy.fasta\tnull\t[MS, MS:1002387, PIA, 1.5.9]|[PSI-MS, MS:1002251, Comet, 2026.01 rev. 1 (e4f767c)]\t13.0\t1.743\t0.6747\t130.0\t1.0\t4.51E-6\t3.242271746944645E-7\t10-UNIMOD:35\t43.6523\t2\t703.3784\t703.3796599999998\tms_run[1]:219\tnull\tnull\t414\t425\t0\t0\t1",
                "PSM\tDLKWWELR\tP01133ups\t1\tyeast_UPS_decoy.fasta\tnull\t[MS, MS:1002387, PIA, 1.5.9]|[PSI-MS, MS:1002251, Comet, 2026.01 rev. 1 (e4f767c)]\t9.0\t1.685\t0.1935\t247.0\t1.0\t0.0398\t0.0028612508986340765\tnull\t43.9251\t2\t573.311\t573.3064820000001\tms_run[1]:221\tnull\tnull\t47\t54\t1\t0\t1",
                "PSM\tELFDPIISDR\tP06732ups\t1\tyeast_UPS_decoy.fasta\tnull\t[MS, MS:1002387, PIA, 1.5.9]|[PSI-MS, MS:1002251, Comet, 2026.01 rev. 1 (e4f767c)]\t10.0\t1.69\t0.3213\t251.0\t3.0\t0.0117\t8.411214953271029E-4\tnull\t44.0555\t2\t602.8146\t602.8135059999998\tms_run[1]:222\tnull\tnull\t87\t96\t0\t0\t1",
                "PSM\tANALLANGVELR\tP01375ups\t1\tyeast_UPS_decoy.fasta\tnull\t[MS, MS:1002387, PIA, 1.5.9]|[PSI-MS, MS:1002251, Comet, 2026.01 rev. 1 (e4f767c)]\t14.0\t2.913\t0.6354\t255.0\t1.0\t9.37E-7\t6.736161035226457E-8\tnull\t44.2\t2\t620.8547\t620.8533880000001\tms_run[1]:223\tnull\tnull\t33\t44\t0\t0\t1",
                "PSM\tAFYVNVLNEEQR\tP04040ups\t1\tyeast_UPS_decoy.fasta\tnull\t[MS, MS:1002387, PIA, 1.5.9]|[PSI-MS, MS:1002251, Comet, 2026.01 rev. 1 (e4f767c)]\t10.0\t2.463\t0.566\t198.0\t1.0\t2.23E-4\t1.6031631919482388E-5\tnull\t44.3387\t2\t741.3727\t741.372896\tms_run[1]:224\tnull\tnull\t444\t455\t0\t0\t1",
                "PSM\tGDGPVQGIINFEQK\tP00441ups\t1\tyeast_UPS_decoy.fasta\tnull\t[MS, MS:1002387, PIA, 1.5.9]|[PSI-MS, MS:1002251, Comet, 2026.01 rev. 1 (e4f767c)]\t11.0\t2.294\t0.4821\t251.0\t2.0\t2.37E-4\t1.703810208483106E-5\tnull\t44.9442\t2\t751.3898\t751.3820099999999\tms_run[1]:228\tnull\tnull\t10\t23\t0\t0\t1",
                "PSM\tRHPDYSVVLLLR\tP02768ups\t1\tyeast_UPS_decoy.fasta\tnull\t[MS, MS:1002387, PIA, 1.5.9]|[PSI-MS, MS:1002251, Comet, 2026.01 rev. 1 (e4f767c)]\t14.0\t2.389\t0.4479\t499.0\t1.0\t0.00189\t1.3587347232207046E-4\tnull\t45.1378\t2\t734.4235\t734.426836\tms_run[1]:229\tnull\tnull\t336\t347\t1\t0\t1",
                "PSM\tLLVVYPWTQR\tP68871ups\t1\tyeast_UPS_decoy.fasta\tnull\t[MS, MS:1002387, PIA, 1.5.9]|[PSI-MS, MS:1002251, Comet, 2026.01 rev. 1 (e4f767c)]\t8.0\t1.789\t0.5165\t176.0\t1.0\t0.00261\t1.8763479511143063E-4\tnull\t45.8846\t2\t637.8664\t637.8664460000001\tms_run[1]:232\tnull\tnull\t31\t40\t0\t0\t1",
                "PSM\tLADFALLCLDGK\tP02788ups\t1\tyeast_UPS_decoy.fasta\tnull\t[MS, MS:1002387, PIA, 1.5.9]|[PSI-MS, MS:1002251, Comet, 2026.01 rev. 1 (e4f767c)]\t11.0\t2.757\t0.6007\t397.0\t1.0\t3.39E-6\t2.4370956146657084E-7\tnull\t46.2369\t2\t668.354\t668.350976\tms_run[1]:235\tnull\tnull\t568\t579\t0\t0\t1",
                "PSM\tDLLHVLAFSK\tP41159ups\t1\tyeast_UPS_decoy.fasta\tnull\t[MS, MS:1002387, PIA, 1.5.9]|[PSI-MS, MS:1002251, Comet, 2026.01 rev. 1 (e4f767c)]\t13.0\t2.309\t0.5647\t862.0\t1.0\t7.97E-5\t5.729690869877786E-6\tnull\t46.365\t2\t571.8309\t571.8331979999999\tms_run[1]:236\tnull\tnull\t86\t95\t0\t0\t1",
                "PSM\tHGATVLTALGGILK\tP02144ups\t1\tyeast_UPS_decoy.fasta\tnull\t[MS, MS:1002387, PIA, 1.5.9]|[PSI-MS, MS:1002251, Comet, 2026.01 rev. 1 (e4f767c)]\t20.0\t3.234\t0.6982\t976.0\t1.0\t8.34E-9\t5.995686556434222E-10\tnull\t46.7947\t2\t675.9078\t675.909838\tms_run[1]:239\tnull\tnull\t64\t77\t0\t0\t1",
                "PSM\tTSDQIHFFFAK\tP01008ups\t1\tyeast_UPS_decoy.fasta\tnull\t[MS, MS:1002387, PIA, 1.5.9]|[PSI-MS, MS:1002251, Comet, 2026.01 rev. 1 (e4f767c)]\t10.0\t1.643\t0.2995\t166.0\t7.0\t0.0536\t0.0038533429187634803\tnull\t47.9125\t2\t670.8438\t670.8268400000001\tms_run[1]:245\tnull\tnull\t115\t125\t0\t0\t1",
                "PSM\tALLLLCGEDD\tP08758ups\t1\tyeast_UPS_decoy.fasta\tnull\t[MS, MS:1002387, PIA, 1.5.9]|[PSI-MS, MS:1002251, Comet, 2026.01 rev. 1 (e4f767c)]\t8.0\t2.082\t0.7171\t161.0\t1.0\t4.69E-6\t3.371675053918045E-7\tnull\t48.8934\t2\t559.7736\t559.7734780000001\tms_run[1]:248\tnull\tnull\t310\t319\t0\t0\t1",
                "PSM\tYWGVASFLQK\tP02753ups\t1\tyeast_UPS_decoy.fasta\tnull\t[MS, MS:1002387, PIA, 1.5.9]|[PSI-MS, MS:1002251, Comet, 2026.01 rev. 1 (e4f767c)]\t12.0\t1.606\t0.5075\t312.0\t1.0\t0.00114\t8.195542774982028E-5\tnull\t50.0037\t2\t599.8138\t599.8189980000001\tms_run[1]:255\tnull\tnull\t108\t117\t0\t0\t1",
                "PSM\tADLIAYLK\tP99999ups\t1\tyeast_UPS_decoy.fasta\tnull\t[MS, MS:1002387, PIA, 1.5.9]|[PSI-MS, MS:1002251, Comet, 2026.01 rev. 1 (e4f767c)]\t12.0\t1.751\t0.3067\t221.0\t1.0\t0.00155\t1.1143062544931705E-4\tnull\t50.1585\t2\t453.7693\t453.76747200000005\tms_run[1]:256\tnull\tnull\t92\t99\t0\t0\t1",
                "PSM\tLLVVYPWTQR\tP68871ups\t1\tyeast_UPS_decoy.fasta\tnull\t[MS, MS:1002387, PIA, 1.5.9]|[PSI-MS, MS:1002251, Comet, 2026.01 rev. 1 (e4f767c)]\t12.0\t2.114\t0.4546\t613.0\t1.0\t4.31E-5\t3.098490294751977E-6\tnull\t51.4306\t2\t638.3625\t637.3703460000002\tms_run[1]:262\tnull\tnull\t31\t40\t0\t0\t1",
                "PSM\tRALAGTVLVHK\tP54838\t1\tyeast_UPS_decoy.fasta\tnull\t[MS, MS:1002387, PIA, 1.5.9]|[PSI-MS, MS:1002251, Comet, 2026.01 rev. 1 (e4f767c)]\t10.0\t1.085\t0.3152\t64.0\t4.0\t0.0154\t0.0011071171818835372\tnull\t56.4352\t2\t583.8592\t581.8692279999999\tms_run[1]:289\tnull\tnull\t148\t158\t1\t0\t1",
                "PSM\tRTYIGALPGRVVQALK\tP36775\t1\tyeast_UPS_decoy.fasta\tnull\t[MS, MS:1002387, PIA, 1.5.9]|[PSI-MS, MS:1002251, Comet, 2026.01 rev. 1 (e4f767c)]\t11.0\t1.352\t0.2922\t50.0\t1.0\t0.0473\t0.0034004313443565786\tnull\t69.5169\t2\t872.544\t870.5068259999999\tms_run[1]:351\tnull\tnull\t672\t687\t2\t0\t1"
            ]
        ],
        "timestamp": "2026-09-08T14:15:11.020633487",
        "meta": {
            "nf-test": "0.9.5",
            "nextflow": "26.04.6"
        }
    },
    "mzid-AnalysisProtocolCollection": {
        "content": [
            [
                "<AnalysisProtocolCollection>",
                "<SpectrumIdentificationProtocol analysisSoftware_ref=\"Comet\" id=\"SIP\">",
                "<SearchType>",
                "<cvParam cvRef=\"PSI-MS\" accession=\"MS:1001083\" name=\"ms-ms search\" />",
                "</SearchType>",
                "<AdditionalSearchParams>",
                "<cvParam cvRef=\"PSI-MS\" accession=\"MS:1001211\" name=\"parent mass type mono\" />",
                "<cvParam cvRef=\"PSI-MS\" accession=\"MS:1001256\" name=\"fragment mass type mono\" />",
                "<cvParam cvRef=\"PSI-MS\" accession=\"MS:1002495\" name=\"no special processing\" />",
                "<userParam name=\"# comet_version\" value=\"2026.01 rev. 1\" />",
                "<userParam name=\"activation_method\" value=\"ALL\" />",
                "<userParam name=\"add_A_alanine\" value=\"0.000000\" />",
                "<userParam name=\"add_B_user_amino_acid\" value=\"0.000000\" />",
                "<userParam name=\"add_C_cysteine\" value=\"57.021464\" />",
                "<userParam name=\"add_Cterm_peptide\" value=\"0.000000\" />",
                "<userParam name=\"add_Cterm_protein\" value=\"0.000000\" />",
                "<userParam name=\"add_D_aspartic_acid\" value=\"0.000000\" />",
                "<userParam name=\"add_E_glutamic_acid\" value=\"0.000000\" />",
                "<userParam name=\"add_F_phenylalanine\" value=\"0.000000\" />",
                "<userParam name=\"add_G_glycine\" value=\"0.000000\" />",
                "<userParam name=\"add_H_histidine\" value=\"0.000000\" />",
                "<userParam name=\"add_I_isoleucine\" value=\"0.000000\" />",
                "<userParam name=\"add_J_user_amino_acid\" value=\"0.000000\" />",
                "<userParam name=\"add_K_lysine\" value=\"0.000000\" />",
                "<userParam name=\"add_L_leucine\" value=\"0.000000\" />",
                "<userParam name=\"add_M_methionine\" value=\"0.000000\" />",
                "<userParam name=\"add_N_asparagine\" value=\"0.000000\" />",
                "<userParam name=\"add_Nterm_peptide\" value=\"0.000000\" />",
                "<userParam name=\"add_Nterm_protein\" value=\"0.000000\" />",
                "<userParam name=\"add_O_pyrrolysine\" value=\"0.000000\" />",
                "<userParam name=\"add_P_proline\" value=\"0.000000\" />",
                "<userParam name=\"add_Q_glutamine\" value=\"0.000000\" />",
                "<userParam name=\"add_R_arginine\" value=\"0.000000\" />",
                "<userParam name=\"add_S_serine\" value=\"0.000000\" />",
                "<userParam name=\"add_T_threonine\" value=\"0.000000\" />",
                "<userParam name=\"add_U_selenocysteine\" value=\"0.000000\" />",
                "<userParam name=\"add_V_valine\" value=\"0.000000\" />",
                "<userParam name=\"add_W_tryptophan\" value=\"0.000000\" />",
                "<userParam name=\"add_X_user_amino_acid\" value=\"0.000000\" />",
                "<userParam name=\"add_Y_tyrosine\" value=\"0.000000\" />",
                "<userParam name=\"add_Z_user_amino_acid\" value=\"0.000000\" />",
                "<userParam name=\"allowed_missed_cleavage\" value=\"2\" />",
                "<userParam name=\"clear_mz_range\" value=\"0.000000 0.000000\" />",
                "<userParam name=\"clip_nterm_methionine\" value=\"0\" />",
                "<userParam name=\"database_name\" value=\"yeast_UPS_decoy.fasta\" />",
                "<userParam name=\"decoy_prefix\" value=\"DECOY_\" />",
                "<userParam name=\"decoy_search\" value=\"0\" />",
                "<userParam name=\"digest_mass_range\" value=\"600.000000 5000.000000\" />",
                "<userParam name=\"equal_I_and_L\" value=\"0\" />",
                "<userParam name=\"fragment_bin_offset\" value=\"0.000000\" />",
                "<userParam name=\"fragment_bin_tol\" value=\"0.200000\" />",
                "<userParam name=\"isotope_error\" value=\"2\" />",
                "<userParam name=\"mass_offsets\" value=\"\" />",
                "<userParam name=\"max_duplicate_proteins\" value=\"-1\" />",
                "<userParam name=\"max_fragment_charge\" value=\"3\" />",
                "<userParam name=\"max_precursor_charge\" value=\"6\" />",
                "<userParam name=\"max_variable_mods_in_peptide\" value=\"5\" />",
                "<userParam name=\"min_precursor_charge\" value=\"1\" />",
                "<userParam name=\"minimum_intensity\" value=\"0.000000\" />",
                "<userParam name=\"minimum_peaks\" value=\"10\" />",
                "<userParam name=\"ms_level\" value=\"2\" />",
                "<userParam name=\"num_enzyme_termini\" value=\"2\" />",
                "<userParam name=\"num_output_lines\" value=\"1\" />",
                "<userParam name=\"num_threads\" value=\"4\" />",
                "<userParam name=\"output_mzidentmlfile\" value=\"1\" />",
                "<userParam name=\"output_pepxmlfile\" value=\"0\" />",
                "<userParam name=\"output_percolatorfile\" value=\"0\" />",
                "<userParam name=\"output_sqtfile\" value=\"0\" />",
                "<userParam name=\"output_txtfile\" value=\"0\" />",
                "<userParam name=\"override_charge\" value=\"0\" />",
                "<userParam name=\"peptide_length_range\" value=\"5 50\" />",
                "<userParam name=\"peptide_mass_tolerance_lower\" value=\"-20.000000\" />",
                "<userParam name=\"peptide_mass_tolerance_upper\" value=\"20.000000\" />",
                "<userParam name=\"peptide_mass_units\" value=\"2\" />",
                "<userParam name=\"percentage_base_peak\" value=\"0.000000\" />",
                "<userParam name=\"precursor_charge\" value=\"0 0\" />",
                "<userParam name=\"precursor_tolerance_type\" value=\"1\" />",
                "<userParam name=\"remove_precursor_peak\" value=\"0\" />",
                "<userParam name=\"remove_precursor_tolerance\" value=\"1.500000\" />",
                "<userParam name=\"require_variable_mod\" value=\"0\" />",
                "<userParam name=\"sample_enzyme_number\" value=\"1\" />",
                "<userParam name=\"scan_range\" value=\"0 0\" />",
                "<userParam name=\"search_enzyme2_number\" value=\"0\" />",
                "<userParam name=\"search_enzyme_number\" value=\"1\" />",
                "<userParam name=\"spectrum_batch_size\" value=\"15000\" />",
                "<userParam name=\"theoretical_fragment_ions\" value=\"0\" />",
                "<userParam name=\"use_A_ions\" value=\"0\" />",
                "<userParam name=\"use_B_ions\" value=\"1\" />",
                "<userParam name=\"use_C_ions\" value=\"0\" />",
                "<userParam name=\"use_NL_ions\" value=\"0\" />",
                "<userParam name=\"use_X_ions\" value=\"0\" />",
                "<userParam name=\"use_Y_ions\" value=\"1\" />",
                "<userParam name=\"use_Z1_ions\" value=\"0\" />",
                "<userParam name=\"use_Z_ions\" value=\"0\" />",
                "<userParam name=\"variable_mod01\" value=\" 15.9949 M 0 3 -1 0 0 0.0\" />",
                "<userParam name=\"variable_mod02\" value=\" 0.0 X 0 3 -1 0 0 0.0\" />",
                "<userParam name=\"variable_mod03\" value=\" 0.0 X 0 3 -1 0 0 0.0\" />",
                "<userParam name=\"variable_mod04\" value=\" 0.0 X 0 3 -1 0 0 0.0\" />",
                "<userParam name=\"variable_mod05\" value=\" 0.0 X 0 3 -1 0 0 0.0\" />",
                "</AdditionalSearchParams>",
                "<ModificationParams>",
                "<SearchModification residues=\"C\" massDelta=\"57.021464\" fixedMod= \"true\" >",
                "<cvParam cvRef=\"UNIMOD\" accession=\"UNIMOD:4\" name=\"Carbamidomethyl\" />",
                "</SearchModification>",
                "<SearchModification residues=\"M\" massDelta=\"15.994900\" fixedMod= \"false\" >",
                "<cvParam cvRef=\"UNIMOD\" accession=\"UNIMOD:35\" name=\"Oxidation\" />",
                "</SearchModification>",
                "</ModificationParams>",
                "<Enzymes>",
                "<Enzyme id=\"ENZ\"  missedCleavages=\"2\" semiSpecific=\"false\">",
                "<SiteRegexp>((?&lt;=[KR])(?!P))</SiteRegexp>",
                "<EnzymeName>",
                "<cvParam cvRef=\"PSI-MS\" accession=\"MS:1001251\" name=\"Trypsin\"/>",
                "</EnzymeName>",
                "</Enzyme>",
                "</Enzymes>",
                "<MassTable id=\"MT\" msLevel=\"1 2\">",
                "<Residue code=\"A\" mass=\"71.037114\" />",
                "<Residue code=\"C\" mass=\"103.009185\" />",
                "<Residue code=\"D\" mass=\"115.026943\" />",
                "<Residue code=\"E\" mass=\"129.042593\" />",
                "<Residue code=\"F\" mass=\"147.068414\" />",
                "<Residue code=\"G\" mass=\"57.021464\" />",
                "<Residue code=\"H\" mass=\"137.058912\" />",
                "<Residue code=\"I\" mass=\"113.084064\" />",
                "<Residue code=\"K\" mass=\"128.094963\" />",
                "<Residue code=\"L\" mass=\"113.084064\" />",
                "<Residue code=\"M\" mass=\"131.040485\" />",
                "<Residue code=\"N\" mass=\"114.042927\" />",
                "<Residue code=\"O\" mass=\"237.147727\" />",
                "<Residue code=\"P\" mass=\"97.052764\" />",
                "<Residue code=\"Q\" mass=\"128.058578\" />",
                "<Residue code=\"R\" mass=\"156.101111\" />",
                "<Residue code=\"S\" mass=\"87.032028\" />",
                "<Residue code=\"T\" mass=\"101.047679\" />",
                "<Residue code=\"U\" mass=\"150.953633\" />",
                "<Residue code=\"V\" mass=\"99.068414\" />",
                "<Residue code=\"W\" mass=\"186.079313\" />",
                "<Residue code=\"Y\" mass=\"163.063329\" />",
                "</MassTable>",
                "<FragmentTolerance>",
                "<cvParam accession=\"MS:1001412\" name=\"search tolerance plus value\" value=\"0.100000\" cvRef=\"PSI-MS\" unitAccession=\"UO:0000221\" unitName=\"dalton\" unitCvRef=\"UO\" />",
                "<cvParam accession=\"MS:1001413\" name=\"search tolerance minus value\" value=\"0.100000\" cvRef=\"PSI-MS\" unitAccession=\"UO:0000221\" unitName=\"dalton\" unitCvRef=\"UO\" />",
                "</FragmentTolerance>",
                "<ParentTolerance>",
                "<cvParam cvRef=\"PSI-MS\" accession=\"MS:1001412\" name=\"search tolerance plus value\" value=\"-20.000000\" unitAccession=\"UO:0000169\" unitName=\"parts per million\" unitCvRef=\"UO\"></cvParam>",
                "<cvParam cvRef=\"PSI-MS\" accession=\"MS:1001413\" name=\"search tolerance minus value\" value=\"20.000000\" unitAccession=\"UO:0000169\" unitName=\"parts per million\" unitCvRef=\"UO\"></cvParam>",
                "</ParentTolerance>",
                "<Threshold>",
                "<cvParam cvRef=\"PSI-MS\" accession=\"MS:1001494\" name=\"no threshold\" />",
                "</Threshold>",
                "</SpectrumIdentificationProtocol>",
                "</AnalysisProtocolCollection>"
            ]
        ],
        "timestamp": "2026-07-17T09:06:46.164976827",
        "meta": {
            "nf-test": "0.9.5",
            "nextflow": "26.04.3"
        }
    },
    "labelled-and-unlabelled-mzid-AnalysisProtocolCollection": {
        "content": [
            [
                [
                    "<AnalysisProtocolCollection>",
                    "<SpectrumIdentificationProtocol analysisSoftware_ref=\"Comet\" id=\"SIP\">",
                    "<SearchType>",
                    "<cvParam cvRef=\"PSI-MS\" accession=\"MS:1001083\" name=\"ms-ms search\" />",
                    "</SearchType>",
                    "<AdditionalSearchParams>",
                    "<cvParam cvRef=\"PSI-MS\" accession=\"MS:1001211\" name=\"parent mass type mono\" />",
                    "<cvParam cvRef=\"PSI-MS\" accession=\"MS:1001256\" name=\"fragment mass type mono\" />",
                    "<cvParam cvRef=\"PSI-MS\" accession=\"MS:1002495\" name=\"no special processing\" />",
                    "<userParam name=\"# comet_version\" value=\"2026.01 rev. 1\" />",
                    "<userParam name=\"activation_method\" value=\"ALL\" />",
                    "<userParam name=\"add_A_alanine\" value=\"0.000000\" />",
                    "<userParam name=\"add_B_user_amino_acid\" value=\"0.000000\" />",
                    "<userParam name=\"add_C_cysteine\" value=\"57.021464\" />",
                    "<userParam name=\"add_Cterm_peptide\" value=\"0.000000\" />",
                    "<userParam name=\"add_Cterm_protein\" value=\"0.000000\" />",
                    "<userParam name=\"add_D_aspartic_acid\" value=\"0.000000\" />",
                    "<userParam name=\"add_E_glutamic_acid\" value=\"0.000000\" />",
                    "<userParam name=\"add_F_phenylalanine\" value=\"0.000000\" />",
                    "<userParam name=\"add_G_glycine\" value=\"0.000000\" />",
                    "<userParam name=\"add_H_histidine\" value=\"0.000000\" />",
                    "<userParam name=\"add_I_isoleucine\" value=\"0.000000\" />",
                    "<userParam name=\"add_J_user_amino_acid\" value=\"0.000000\" />",
                    "<userParam name=\"add_K_lysine\" value=\"8.014199\" />",
                    "<userParam name=\"add_L_leucine\" value=\"0.000000\" />",
                    "<userParam name=\"add_M_methionine\" value=\"0.000000\" />",
                    "<userParam name=\"add_N_asparagine\" value=\"0.000000\" />",
                    "<userParam name=\"add_Nterm_peptide\" value=\"0.000000\" />",
                    "<userParam name=\"add_Nterm_protein\" value=\"0.000000\" />",
                    "<userParam name=\"add_O_pyrrolysine\" value=\"0.000000\" />",
                    "<userParam name=\"add_P_proline\" value=\"0.000000\" />",
                    "<userParam name=\"add_Q_glutamine\" value=\"0.000000\" />",
                    "<userParam name=\"add_R_arginine\" value=\"10.008269\" />",
                    "<userParam name=\"add_S_serine\" value=\"0.000000\" />",
                    "<userParam name=\"add_T_threonine\" value=\"0.000000\" />",
                    "<userParam name=\"add_U_selenocysteine\" value=\"0.000000\" />",
                    "<userParam name=\"add_V_valine\" value=\"0.000000\" />",
                    "<userParam name=\"add_W_tryptophan\" value=\"0.000000\" />",
                    "<userParam name=\"add_X_user_amino_acid\" value=\"0.000000\" />",
                    "<userParam name=\"add_Y_tyrosine\" value=\"0.000000\" />",
                    "<userParam name=\"add_Z_user_amino_acid\" value=\"0.000000\" />",
                    "<userParam name=\"allowed_missed_cleavage\" value=\"2\" />",
                    "<userParam name=\"clear_mz_range\" value=\"0.000000 0.000000\" />",
                    "<userParam name=\"clip_nterm_methionine\" value=\"0\" />",
                    "<userParam name=\"database_name\" value=\"yeast_UPS_decoy.fasta\" />",
                    "<userParam name=\"decoy_prefix\" value=\"DECOY_\" />",
                    "<userParam name=\"decoy_search\" value=\"0\" />",
                    "<userParam name=\"digest_mass_range\" value=\"600.000000 5000.000000\" />",
                    "<userParam name=\"equal_I_and_L\" value=\"0\" />",
                    "<userParam name=\"fragment_bin_offset\" value=\"0.000000\" />",
                    "<userParam name=\"fragment_bin_tol\" value=\"0.200000\" />",
                    "<userParam name=\"isotope_error\" value=\"2\" />",
                    "<userParam name=\"mass_offsets\" value=\"\" />",
                    "<userParam name=\"max_duplicate_proteins\" value=\"-1\" />",
                    "<userParam name=\"max_fragment_charge\" value=\"3\" />",
                    "<userParam name=\"max_precursor_charge\" value=\"6\" />",
                    "<userParam name=\"max_variable_mods_in_peptide\" value=\"5\" />",
                    "<userParam name=\"min_precursor_charge\" value=\"1\" />",
                    "<userParam name=\"minimum_intensity\" value=\"0.000000\" />",
                    "<userParam name=\"minimum_peaks\" value=\"10\" />",
                    "<userParam name=\"ms_level\" value=\"2\" />",
                    "<userParam name=\"num_enzyme_termini\" value=\"2\" />",
                    "<userParam name=\"num_output_lines\" value=\"1\" />",
                    "<userParam name=\"num_threads\" value=\"4\" />",
                    "<userParam name=\"output_mzidentmlfile\" value=\"1\" />",
                    "<userParam name=\"output_pepxmlfile\" value=\"0\" />",
                    "<userParam name=\"output_percolatorfile\" value=\"0\" />",
                    "<userParam name=\"output_sqtfile\" value=\"0\" />",
                    "<userParam name=\"output_txtfile\" value=\"0\" />",
                    "<userParam name=\"override_charge\" value=\"0\" />",
                    "<userParam name=\"peptide_length_range\" value=\"5 50\" />",
                    "<userParam name=\"peptide_mass_tolerance_lower\" value=\"-20.000000\" />",
                    "<userParam name=\"peptide_mass_tolerance_upper\" value=\"20.000000\" />",
                    "<userParam name=\"peptide_mass_units\" value=\"2\" />",
                    "<userParam name=\"percentage_base_peak\" value=\"0.000000\" />",
                    "<userParam name=\"precursor_charge\" value=\"0 0\" />",
                    "<userParam name=\"precursor_tolerance_type\" value=\"1\" />",
                    "<userParam name=\"remove_precursor_peak\" value=\"0\" />",
                    "<userParam name=\"remove_precursor_tolerance\" value=\"1.500000\" />",
                    "<userParam name=\"require_variable_mod\" value=\"0\" />",
                    "<userParam name=\"sample_enzyme_number\" value=\"1\" />",
                    "<userParam name=\"scan_range\" value=\"0 0\" />",
                    "<userParam name=\"search_enzyme2_number\" value=\"0\" />",
                    "<userParam name=\"search_enzyme_number\" value=\"1\" />",
                    "<userParam name=\"spectrum_batch_size\" value=\"15000\" />",
                    "<userParam name=\"theoretical_fragment_ions\" value=\"0\" />",
                    "<userParam name=\"use_A_ions\" value=\"0\" />",
                    "<userParam name=\"use_B_ions\" value=\"1\" />",
                    "<userParam name=\"use_C_ions\" value=\"0\" />",
                    "<userParam name=\"use_NL_ions\" value=\"0\" />",
                    "<userParam name=\"use_X_ions\" value=\"0\" />",
                    "<userParam name=\"use_Y_ions\" value=\"1\" />",
                    "<userParam name=\"use_Z1_ions\" value=\"0\" />",
                    "<userParam name=\"use_Z_ions\" value=\"0\" />",
                    "<userParam name=\"variable_mod01\" value=\" 15.9949 M 0 3 -1 0 0 0.0\" />",
                    "<userParam name=\"variable_mod02\" value=\" 0.0 X 0 3 -1 0 0 0.0\" />",
                    "<userParam name=\"variable_mod03\" value=\" 0.0 X 0 3 -1 0 0 0.0\" />",
                    "<userParam name=\"variable_mod04\" value=\" 0.0 X 0 3 -1 0 0 0.0\" />",
                    "<userParam name=\"variable_mod05\" value=\" 0.0 X 0 3 -1 0 0 0.0\" />",
                    "</AdditionalSearchParams>",
                    "<ModificationParams>",
                    "<SearchModification residues=\"C\" massDelta=\"57.021464\" fixedMod= \"true\" >",
                    "<cvParam cvRef=\"UNIMOD\" accession=\"UNIMOD:4\" name=\"Carbamidomethyl\" />",
                    "</SearchModification>",
                    "<SearchModification residues=\"K\" massDelta=\"8.014199\" fixedMod= \"true\" >",
                    "<cvParam cvRef=\"PSI-MS\" accession=\"MS:1001460\" name=\"unknown modification\" />",
                    "</SearchModification>",
                    "<SearchModification residues=\"R\" massDelta=\"10.008269\" fixedMod= \"true\" >",
                    "<cvParam cvRef=\"PSI-MS\" accession=\"MS:1001460\" name=\"unknown modification\" />",
                    "</SearchModification>",
                    "<SearchModification residues=\"M\" massDelta=\"15.994900\" fixedMod= \"false\" >",
                    "<cvParam cvRef=\"UNIMOD\" accession=\"UNIMOD:35\" name=\"Oxidation\" />",
                    "</SearchModification>",
                    "</ModificationParams>",
                    "<Enzymes>",
                    "<Enzyme id=\"ENZ\"  missedCleavages=\"2\" semiSpecific=\"false\">",
                    "<SiteRegexp>((?&lt;=[KR])(?!P))</SiteRegexp>",
                    "<EnzymeName>",
                    "<cvParam cvRef=\"PSI-MS\" accession=\"MS:1001251\" name=\"Trypsin\"/>",
                    "</EnzymeName>",
                    "</Enzyme>",
                    "</Enzymes>",
                    "<MassTable id=\"MT\" msLevel=\"1 2\">",
                    "<Residue code=\"A\" mass=\"71.037114\" />",
                    "<Residue code=\"C\" mass=\"103.009185\" />",
                    "<Residue code=\"D\" mass=\"115.026943\" />",
                    "<Residue code=\"E\" mass=\"129.042593\" />",
                    "<Residue code=\"F\" mass=\"147.068414\" />",
                    "<Residue code=\"G\" mass=\"57.021464\" />",
                    "<Residue code=\"H\" mass=\"137.058912\" />",
                    "<Residue code=\"I\" mass=\"113.084064\" />",
                    "<Residue code=\"K\" mass=\"128.094963\" />",
                    "<Residue code=\"L\" mass=\"113.084064\" />",
                    "<Residue code=\"M\" mass=\"131.040485\" />",
                    "<Residue code=\"N\" mass=\"114.042927\" />",
                    "<Residue code=\"O\" mass=\"237.147727\" />",
                    "<Residue code=\"P\" mass=\"97.052764\" />",
                    "<Residue code=\"Q\" mass=\"128.058578\" />",
                    "<Residue code=\"R\" mass=\"156.101111\" />",
                    "<Residue code=\"S\" mass=\"87.032028\" />",
                    "<Residue code=\"T\" mass=\"101.047679\" />",
                    "<Residue code=\"U\" mass=\"150.953633\" />",
                    "<Residue code=\"V\" mass=\"99.068414\" />",
                    "<Residue code=\"W\" mass=\"186.079313\" />",
                    "<Residue code=\"Y\" mass=\"163.063329\" />",
                    "</MassTable>",
                    "<FragmentTolerance>",
                    "<cvParam accession=\"MS:1001412\" name=\"search tolerance plus value\" value=\"0.100000\" cvRef=\"PSI-MS\" unitAccession=\"UO:0000221\" unitName=\"dalton\" unitCvRef=\"UO\" />",
                    "<cvParam accession=\"MS:1001413\" name=\"search tolerance minus value\" value=\"0.100000\" cvRef=\"PSI-MS\" unitAccession=\"UO:0000221\" unitName=\"dalton\" unitCvRef=\"UO\" />",
                    "</FragmentTolerance>",
                    "<ParentTolerance>",
                    "<cvParam cvRef=\"PSI-MS\" accession=\"MS:1001412\" name=\"search tolerance plus value\" value=\"-20.000000\" unitAccession=\"UO:0000169\" unitName=\"parts per million\" unitCvRef=\"UO\"></cvParam>",
                    "<cvParam cvRef=\"PSI-MS\" accession=\"MS:1001413\" name=\"search tolerance minus value\" value=\"20.000000\" unitAccession=\"UO:0000169\" unitName=\"parts per million\" unitCvRef=\"UO\"></cvParam>",
                    "</ParentTolerance>",
                    "<Threshold>",
                    "<cvParam cvRef=\"PSI-MS\" accession=\"MS:1001494\" name=\"no threshold\" />",
                    "</Threshold>",
                    "</SpectrumIdentificationProtocol>",
                    "</AnalysisProtocolCollection>"
                ],
                [
                    "<AnalysisProtocolCollection>",
                    "<SpectrumIdentificationProtocol analysisSoftware_ref=\"Comet\" id=\"SIP\">",
                    "<SearchType>",
                    "<cvParam cvRef=\"PSI-MS\" accession=\"MS:1001083\" name=\"ms-ms search\" />",
                    "</SearchType>",
                    "<AdditionalSearchParams>",
                    "<cvParam cvRef=\"PSI-MS\" accession=\"MS:1001211\" name=\"parent mass type mono\" />",
                    "<cvParam cvRef=\"PSI-MS\" accession=\"MS:1001256\" name=\"fragment mass type mono\" />",
                    "<cvParam cvRef=\"PSI-MS\" accession=\"MS:1002495\" name=\"no special processing\" />",
                    "<userParam name=\"# comet_version\" value=\"2026.01 rev. 1\" />",
                    "<userParam name=\"activation_method\" value=\"ALL\" />",
                    "<userParam name=\"add_A_alanine\" value=\"0.000000\" />",
                    "<userParam name=\"add_B_user_amino_acid\" value=\"0.000000\" />",
                    "<userParam name=\"add_C_cysteine\" value=\"57.021464\" />",
                    "<userParam name=\"add_Cterm_peptide\" value=\"0.000000\" />",
                    "<userParam name=\"add_Cterm_protein\" value=\"0.000000\" />",
                    "<userParam name=\"add_D_aspartic_acid\" value=\"0.000000\" />",
                    "<userParam name=\"add_E_glutamic_acid\" value=\"0.000000\" />",
                    "<userParam name=\"add_F_phenylalanine\" value=\"0.000000\" />",
                    "<userParam name=\"add_G_glycine\" value=\"0.000000\" />",
                    "<userParam name=\"add_H_histidine\" value=\"0.000000\" />",
                    "<userParam name=\"add_I_isoleucine\" value=\"0.000000\" />",
                    "<userParam name=\"add_J_user_amino_acid\" value=\"0.000000\" />",
                    "<userParam name=\"add_K_lysine\" value=\"0.000000\" />",
                    "<userParam name=\"add_L_leucine\" value=\"0.000000\" />",
                    "<userParam name=\"add_M_methionine\" value=\"0.000000\" />",
                    "<userParam name=\"add_N_asparagine\" value=\"0.000000\" />",
                    "<userParam name=\"add_Nterm_peptide\" value=\"0.000000\" />",
                    "<userParam name=\"add_Nterm_protein\" value=\"0.000000\" />",
                    "<userParam name=\"add_O_pyrrolysine\" value=\"0.000000\" />",
                    "<userParam name=\"add_P_proline\" value=\"0.000000\" />",
                    "<userParam name=\"add_Q_glutamine\" value=\"0.000000\" />",
                    "<userParam name=\"add_R_arginine\" value=\"0.000000\" />",
                    "<userParam name=\"add_S_serine\" value=\"0.000000\" />",
                    "<userParam name=\"add_T_threonine\" value=\"0.000000\" />",
                    "<userParam name=\"add_U_selenocysteine\" value=\"0.000000\" />",
                    "<userParam name=\"add_V_valine\" value=\"0.000000\" />",
                    "<userParam name=\"add_W_tryptophan\" value=\"0.000000\" />",
                    "<userParam name=\"add_X_user_amino_acid\" value=\"0.000000\" />",
                    "<userParam name=\"add_Y_tyrosine\" value=\"0.000000\" />",
                    "<userParam name=\"add_Z_user_amino_acid\" value=\"0.000000\" />",
                    "<userParam name=\"allowed_missed_cleavage\" value=\"2\" />",
                    "<userParam name=\"clear_mz_range\" value=\"0.000000 0.000000\" />",
                    "<userParam name=\"clip_nterm_methionine\" value=\"0\" />",
                    "<userParam name=\"database_name\" value=\"yeast_UPS_decoy.fasta\" />",
                    "<userParam name=\"decoy_prefix\" value=\"DECOY_\" />",
                    "<userParam name=\"decoy_search\" value=\"0\" />",
                    "<userParam name=\"digest_mass_range\" value=\"600.000000 5000.000000\" />",
                    "<userParam name=\"equal_I_and_L\" value=\"0\" />",
                    "<userParam name=\"fragment_bin_offset\" value=\"0.000000\" />",
                    "<userParam name=\"fragment_bin_tol\" value=\"0.200000\" />",
                    "<userParam name=\"isotope_error\" value=\"2\" />",
                    "<userParam name=\"mass_offsets\" value=\"\" />",
                    "<userParam name=\"max_duplicate_proteins\" value=\"-1\" />",
                    "<userParam name=\"max_fragment_charge\" value=\"3\" />",
                    "<userParam name=\"max_precursor_charge\" value=\"6\" />",
                    "<userParam name=\"max_variable_mods_in_peptide\" value=\"5\" />",
                    "<userParam name=\"min_precursor_charge\" value=\"1\" />",
                    "<userParam name=\"minimum_intensity\" value=\"0.000000\" />",
                    "<userParam name=\"minimum_peaks\" value=\"10\" />",
                    "<userParam name=\"ms_level\" value=\"2\" />",
                    "<userParam name=\"num_enzyme_termini\" value=\"2\" />",
                    "<userParam name=\"num_output_lines\" value=\"1\" />",
                    "<userParam name=\"num_threads\" value=\"4\" />",
                    "<userParam name=\"output_mzidentmlfile\" value=\"1\" />",
                    "<userParam name=\"output_pepxmlfile\" value=\"0\" />",
                    "<userParam name=\"output_percolatorfile\" value=\"0\" />",
                    "<userParam name=\"output_sqtfile\" value=\"0\" />",
                    "<userParam name=\"output_txtfile\" value=\"0\" />",
                    "<userParam name=\"override_charge\" value=\"0\" />",
                    "<userParam name=\"peptide_length_range\" value=\"5 50\" />",
                    "<userParam name=\"peptide_mass_tolerance_lower\" value=\"-20.000000\" />",
                    "<userParam name=\"peptide_mass_tolerance_upper\" value=\"20.000000\" />",
                    "<userParam name=\"peptide_mass_units\" value=\"2\" />",
                    "<userParam name=\"percentage_base_peak\" value=\"0.000000\" />",
                    "<userParam name=\"precursor_charge\" value=\"0 0\" />",
                    "<userParam name=\"precursor_tolerance_type\" value=\"1\" />",
                    "<userParam name=\"remove_precursor_peak\" value=\"0\" />",
                    "<userParam name=\"remove_precursor_tolerance\" value=\"1.500000\" />",
                    "<userParam name=\"require_variable_mod\" value=\"0\" />",
                    "<userParam name=\"sample_enzyme_number\" value=\"1\" />",
                    "<userParam name=\"scan_range\" value=\"0 0\" />",
                    "<userParam name=\"search_enzyme2_number\" value=\"0\" />",
                    "<userParam name=\"search_enzyme_number\" value=\"1\" />",
                    "<userParam name=\"spectrum_batch_size\" value=\"15000\" />",
                    "<userParam name=\"theoretical_fragment_ions\" value=\"0\" />",
                    "<userParam name=\"use_A_ions\" value=\"0\" />",
                    "<userParam name=\"use_B_ions\" value=\"1\" />",
                    "<userParam name=\"use_C_ions\" value=\"0\" />",
                    "<userParam name=\"use_NL_ions\" value=\"0\" />",
                    "<userParam name=\"use_X_ions\" value=\"0\" />",
                    "<userParam name=\"use_Y_ions\" value=\"1\" />",
                    "<userParam name=\"use_Z1_ions\" value=\"0\" />",
                    "<userParam name=\"use_Z_ions\" value=\"0\" />",
                    "<userParam name=\"variable_mod01\" value=\" 15.9949 M 0 3 -1 0 0 0.0\" />",
                    "<userParam name=\"variable_mod02\" value=\" 0.0 X 0 3 -1 0 0 0.0\" />",
                    "<userParam name=\"variable_mod03\" value=\" 0.0 X 0 3 -1 0 0 0.0\" />",
                    "<userParam name=\"variable_mod04\" value=\" 0.0 X 0 3 -1 0 0 0.0\" />",
                    "<userParam name=\"variable_mod05\" value=\" 0.0 X 0 3 -1 0 0 0.0\" />",
                    "</AdditionalSearchParams>",
                    "<ModificationParams>",
                    "<SearchModification residues=\"C\" massDelta=\"57.021464\" fixedMod= \"true\" >",
                    "<cvParam cvRef=\"UNIMOD\" accession=\"UNIMOD:4\" name=\"Carbamidomethyl\" />",
                    "</SearchModification>",
                    "<SearchModification residues=\"M\" massDelta=\"15.994900\" fixedMod= \"false\" >",
                    "<cvParam cvRef=\"UNIMOD\" accession=\"UNIMOD:35\" name=\"Oxidation\" />",
                    "</SearchModification>",
                    "</ModificationParams>",
                    "<Enzymes>",
                    "<Enzyme id=\"ENZ\"  missedCleavages=\"2\" semiSpecific=\"false\">",
                    "<SiteRegexp>((?&lt;=[KR])(?!P))</SiteRegexp>",
                    "<EnzymeName>",
                    "<cvParam cvRef=\"PSI-MS\" accession=\"MS:1001251\" name=\"Trypsin\"/>",
                    "</EnzymeName>",
                    "</Enzyme>",
                    "</Enzymes>",
                    "<MassTable id=\"MT\" msLevel=\"1 2\">",
                    "<Residue code=\"A\" mass=\"71.037114\" />",
                    "<Residue code=\"C\" mass=\"103.009185\" />",
                    "<Residue code=\"D\" mass=\"115.026943\" />",
                    "<Residue code=\"E\" mass=\"129.042593\" />",
                    "<Residue code=\"F\" mass=\"147.068414\" />",
                    "<Residue code=\"G\" mass=\"57.021464\" />",
                    "<Residue code=\"H\" mass=\"137.058912\" />",
                    "<Residue code=\"I\" mass=\"113.084064\" />",
                    "<Residue code=\"K\" mass=\"128.094963\" />",
                    "<Residue code=\"L\" mass=\"113.084064\" />",
                    "<Residue code=\"M\" mass=\"131.040485\" />",
                    "<Residue code=\"N\" mass=\"114.042927\" />",
                    "<Residue code=\"O\" mass=\"237.147727\" />",
                    "<Residue code=\"P\" mass=\"97.052764\" />",
                    "<Residue code=\"Q\" mass=\"128.058578\" />",
                    "<Residue code=\"R\" mass=\"156.101111\" />",
                    "<Residue code=\"S\" mass=\"87.032028\" />",
                    "<Residue code=\"T\" mass=\"101.047679\" />",
                    "<Residue code=\"U\" mass=\"150.953633\" />",
                    "<Residue code=\"V\" mass=\"99.068414\" />",
                    "<Residue code=\"W\" mass=\"186.079313\" />",
                    "<Residue code=\"Y\" mass=\"163.063329\" />",
                    "</MassTable>",
                    "<FragmentTolerance>",
                    "<cvParam accession=\"MS:1001412\" name=\"search tolerance plus value\" value=\"0.100000\" cvRef=\"PSI-MS\" unitAccession=\"UO:0000221\" unitName=\"dalton\" unitCvRef=\"UO\" />",
                    "<cvParam accession=\"MS:1001413\" name=\"search tolerance minus value\" value=\"0.100000\" cvRef=\"PSI-MS\" unitAccession=\"UO:0000221\" unitName=\"dalton\" unitCvRef=\"UO\" />",
                    "</FragmentTolerance>",
                    "<ParentTolerance>",
                    "<cvParam cvRef=\"PSI-MS\" accession=\"MS:1001412\" name=\"search tolerance plus value\" value=\"-20.000000\" unitAccession=\"UO:0000169\" unitName=\"parts per million\" unitCvRef=\"UO\"></cvParam>",
                    "<cvParam cvRef=\"PSI-MS\" accession=\"MS:1001413\" name=\"search tolerance minus value\" value=\"20.000000\" unitAccession=\"UO:0000169\" unitName=\"parts per million\" unitCvRef=\"UO\"></cvParam>",
                    "</ParentTolerance>",
                    "<Threshold>",
                    "<cvParam cvRef=\"PSI-MS\" accession=\"MS:1001494\" name=\"no threshold\" />",
                    "</Threshold>",
                    "</SpectrumIdentificationProtocol>",
                    "</AnalysisProtocolCollection>"
                ]
            ]
        ],
        "timestamp": "2026-07-17T09:06:56.560145687",
        "meta": {
            "nf-test": "0.9.5",
            "nextflow": "26.04.3"
        }
    },
    "labelled-and-unlabelled-comet-params-file": {
        "content": [
            [
                "test-mzmlraw-labelled.comet.params:md5,4e513d5872c1d4ccf375995b85cb30b4",
                "test-mzmlraw-unlabelled.comet.params:md5,7822f70c1989221693a4903e7f9a3b6b"
            ]
        ],
        "timestamp": "2026-07-17T09:06:56.460458695",
        "meta": {
            "nf-test": "0.9.5",
            "nextflow": "26.04.3"
        }
    },
    "comet-params-file": {
        "content": [
            "test-mzmlraw-unlabelled.comet.params:md5,7822f70c1989221693a4903e7f9a3b6b"
        ],
        "timestamp": "2026-07-17T09:06:46.05395568",
        "meta": {
            "nf-test": "0.9.5",
            "nextflow": "26.04.3"
        }
    },
    "labelled-and-unlabelled-mzid-filename-and-elementcount": {
        "content": [
            [
                [
                    "test-mzmlraw-labelled.mzid",
                    499,
                    529
                ],
                [
                    "test-mzmlraw-unlabelled.mzid",
                    458,
                    438
                ]
            ]
        ],
        "timestamp": "2026-07-17T09:06:56.531456445",
        "meta": {
            "nf-test": "0.9.5",
            "nextflow": "26.04.3"
        }
    }
}