{
    "mzid-filename-and-elementcount": {
        "content": [
            "test-mzmlraw-unlabelled.mzid",
            458,
            438
        ],
        "timestamp": "2026-07-17T09:06:46.133322801",
        "meta": {
            "nf-test": "0.9.5",
            "nextflow": "26.04.3"
        }
    },
    "mzid-AnalysisProtocolCollection": {
        "content": [
            [
                "<AnalysisProtocolCollection>",
                "<SpectrumIdentificationProtocol analysisSoftware_ref=\"Comet\" id=\"SIP\">",
                "<SearchType>",
                "<cvParam cvRef=\"PSI-MS\" accession=\"MS:1001083\" name=\"ms-ms search\" />",
                "</SearchType>",
                "<AdditionalSearchParams>",
                "<cvParam cvRef=\"PSI-MS\" accession=\"MS:1001211\" name=\"parent mass type mono\" />",
                "<cvParam cvRef=\"PSI-MS\" accession=\"MS:1001256\" name=\"fragment mass type mono\" />",
                "<cvParam cvRef=\"PSI-MS\" accession=\"MS:1002495\" name=\"no special processing\" />",
                "<userParam name=\"# comet_version\" value=\"2026.01 rev. 1\" />",
                "<userParam name=\"activation_method\" value=\"ALL\" />",
                "<userParam name=\"add_A_alanine\" value=\"0.000000\" />",
                "<userParam name=\"add_B_user_amino_acid\" value=\"0.000000\" />",
                "<userParam name=\"add_C_cysteine\" value=\"57.021464\" />",
                "<userParam name=\"add_Cterm_peptide\" value=\"0.000000\" />",
                "<userParam name=\"add_Cterm_protein\" value=\"0.000000\" />",
                "<userParam name=\"add_D_aspartic_acid\" value=\"0.000000\" />",
                "<userParam name=\"add_E_glutamic_acid\" value=\"0.000000\" />",
                "<userParam name=\"add_F_phenylalanine\" value=\"0.000000\" />",
                "<userParam name=\"add_G_glycine\" value=\"0.000000\" />",
                "<userParam name=\"add_H_histidine\" value=\"0.000000\" />",
                "<userParam name=\"add_I_isoleucine\" value=\"0.000000\" />",
                "<userParam name=\"add_J_user_amino_acid\" value=\"0.000000\" />",
                "<userParam name=\"add_K_lysine\" value=\"0.000000\" />",
                "<userParam name=\"add_L_leucine\" value=\"0.000000\" />",
                "<userParam name=\"add_M_methionine\" value=\"0.000000\" />",
                "<userParam name=\"add_N_asparagine\" value=\"0.000000\" />",
                "<userParam name=\"add_Nterm_peptide\" value=\"0.000000\" />",
                "<userParam name=\"add_Nterm_protein\" value=\"0.000000\" />",
                "<userParam name=\"add_O_pyrrolysine\" value=\"0.000000\" />",
                "<userParam name=\"add_P_proline\" value=\"0.000000\" />",
                "<userParam name=\"add_Q_glutamine\" value=\"0.000000\" />",
                "<userParam name=\"add_R_arginine\" value=\"0.000000\" />",
                "<userParam name=\"add_S_serine\" value=\"0.000000\" />",
                "<userParam name=\"add_T_threonine\" value=\"0.000000\" />",
                "<userParam name=\"add_U_selenocysteine\" value=\"0.000000\" />",
                "<userParam name=\"add_V_valine\" value=\"0.000000\" />",
                "<userParam name=\"add_W_tryptophan\" value=\"0.000000\" />",
                "<userParam name=\"add_X_user_amino_acid\" value=\"0.000000\" />",
                "<userParam name=\"add_Y_tyrosine\" value=\"0.000000\" />",
                "<userParam name=\"add_Z_user_amino_acid\" value=\"0.000000\" />",
                "<userParam name=\"allowed_missed_cleavage\" value=\"2\" />",
                "<userParam name=\"clear_mz_range\" value=\"0.000000 0.000000\" />",
                "<userParam name=\"clip_nterm_methionine\" value=\"0\" />",
                "<userParam name=\"database_name\" value=\"yeast_UPS_decoy.fasta\" />",
                "<userParam name=\"decoy_prefix\" value=\"DECOY_\" />",
                "<userParam name=\"decoy_search\" value=\"0\" />",
                "<userParam name=\"digest_mass_range\" value=\"600.000000 5000.000000\" />",
                "<userParam name=\"equal_I_and_L\" value=\"0\" />",
                "<userParam name=\"fragment_bin_offset\" value=\"0.000000\" />",
                "<userParam name=\"fragment_bin_tol\" value=\"0.200000\" />",
                "<userParam name=\"isotope_error\" value=\"2\" />",
                "<userParam name=\"mass_offsets\" value=\"\" />",
                "<userParam name=\"max_duplicate_proteins\" value=\"-1\" />",
                "<userParam name=\"max_fragment_charge\" value=\"3\" />",
                "<userParam name=\"max_precursor_charge\" value=\"6\" />",
                "<userParam name=\"max_variable_mods_in_peptide\" value=\"5\" />",
                "<userParam name=\"min_precursor_charge\" value=\"1\" />",
                "<userParam name=\"minimum_intensity\" value=\"0.000000\" />",
                "<userParam name=\"minimum_peaks\" value=\"10\" />",
                "<userParam name=\"ms_level\" value=\"2\" />",
                "<userParam name=\"num_enzyme_termini\" value=\"2\" />",
                "<userParam name=\"num_output_lines\" value=\"1\" />",
                "<userParam name=\"num_threads\" value=\"4\" />",
                "<userParam name=\"output_mzidentmlfile\" value=\"1\" />",
                "<userParam name=\"output_pepxmlfile\" value=\"0\" />",
                "<userParam name=\"output_percolatorfile\" value=\"0\" />",
                "<userParam name=\"output_sqtfile\" value=\"0\" />",
                "<userParam name=\"output_txtfile\" value=\"0\" />",
                "<userParam name=\"override_charge\" value=\"0\" />",
                "<userParam name=\"peptide_length_range\" value=\"5 50\" />",
                "<userParam name=\"peptide_mass_tolerance_lower\" value=\"-20.000000\" />",
                "<userParam name=\"peptide_mass_tolerance_upper\" value=\"20.000000\" />",
                "<userParam name=\"peptide_mass_units\" value=\"2\" />",
                "<userParam name=\"percentage_base_peak\" value=\"0.000000\" />",
                "<userParam name=\"precursor_charge\" value=\"0 0\" />",
                "<userParam name=\"precursor_tolerance_type\" value=\"1\" />",
                "<userParam name=\"remove_precursor_peak\" value=\"0\" />",
                "<userParam name=\"remove_precursor_tolerance\" value=\"1.500000\" />",
                "<userParam name=\"require_variable_mod\" value=\"0\" />",
                "<userParam name=\"sample_enzyme_number\" value=\"1\" />",
                "<userParam name=\"scan_range\" value=\"0 0\" />",
                "<userParam name=\"search_enzyme2_number\" value=\"0\" />",
                "<userParam name=\"search_enzyme_number\" value=\"1\" />",
                "<userParam name=\"spectrum_batch_size\" value=\"15000\" />",
                "<userParam name=\"theoretical_fragment_ions\" value=\"0\" />",
                "<userParam name=\"use_A_ions\" value=\"0\" />",
                "<userParam name=\"use_B_ions\" value=\"1\" />",
                "<userParam name=\"use_C_ions\" value=\"0\" />",
                "<userParam name=\"use_NL_ions\" value=\"0\" />",
                "<userParam name=\"use_X_ions\" value=\"0\" />",
                "<userParam name=\"use_Y_ions\" value=\"1\" />",
                "<userParam name=\"use_Z1_ions\" value=\"0\" />",
                "<userParam name=\"use_Z_ions\" value=\"0\" />",
                "<userParam name=\"variable_mod01\" value=\" 15.9949 M 0 3 -1 0 0 0.0\" />",
                "<userParam name=\"variable_mod02\" value=\" 0.0 X 0 3 -1 0 0 0.0\" />",
                "<userParam name=\"variable_mod03\" value=\" 0.0 X 0 3 -1 0 0 0.0\" />",
                "<userParam name=\"variable_mod04\" value=\" 0.0 X 0 3 -1 0 0 0.0\" />",
                "<userParam name=\"variable_mod05\" value=\" 0.0 X 0 3 -1 0 0 0.0\" />",
                "</AdditionalSearchParams>",
                "<ModificationParams>",
                "<SearchModification residues=\"C\" massDelta=\"57.021464\" fixedMod= \"true\" >",
                "<cvParam cvRef=\"UNIMOD\" accession=\"UNIMOD:4\" name=\"Carbamidomethyl\" />",
                "</SearchModification>",
                "<SearchModification residues=\"M\" massDelta=\"15.994900\" fixedMod= \"false\" >",
                "<cvParam cvRef=\"UNIMOD\" accession=\"UNIMOD:35\" name=\"Oxidation\" />",
                "</SearchModification>",
                "</ModificationParams>",
                "<Enzymes>",
                "<Enzyme id=\"ENZ\"  missedCleavages=\"2\" semiSpecific=\"false\">",
                "<SiteRegexp>((?&lt;=[KR])(?!P))</SiteRegexp>",
                "<EnzymeName>",
                "<cvParam cvRef=\"PSI-MS\" accession=\"MS:1001251\" name=\"Trypsin\"/>",
                "</EnzymeName>",
                "</Enzyme>",
                "</Enzymes>",
                "<MassTable id=\"MT\" msLevel=\"1 2\">",
                "<Residue code=\"A\" mass=\"71.037114\" />",
                "<Residue code=\"C\" mass=\"103.009185\" />",
                "<Residue code=\"D\" mass=\"115.026943\" />",
                "<Residue code=\"E\" mass=\"129.042593\" />",
                "<Residue code=\"F\" mass=\"147.068414\" />",
                "<Residue code=\"G\" mass=\"57.021464\" />",
                "<Residue code=\"H\" mass=\"137.058912\" />",
                "<Residue code=\"I\" mass=\"113.084064\" />",
                "<Residue code=\"K\" mass=\"128.094963\" />",
                "<Residue code=\"L\" mass=\"113.084064\" />",
                "<Residue code=\"M\" mass=\"131.040485\" />",
                "<Residue code=\"N\" mass=\"114.042927\" />",
                "<Residue code=\"O\" mass=\"237.147727\" />",
                "<Residue code=\"P\" mass=\"97.052764\" />",
                "<Residue code=\"Q\" mass=\"128.058578\" />",
                "<Residue code=\"R\" mass=\"156.101111\" />",
                "<Residue code=\"S\" mass=\"87.032028\" />",
                "<Residue code=\"T\" mass=\"101.047679\" />",
                "<Residue code=\"U\" mass=\"150.953633\" />",
                "<Residue code=\"V\" mass=\"99.068414\" />",
                "<Residue code=\"W\" mass=\"186.079313\" />",
                "<Residue code=\"Y\" mass=\"163.063329\" />",
                "</MassTable>",
                "<FragmentTolerance>",
                "<cvParam accession=\"MS:1001412\" name=\"search tolerance plus value\" value=\"0.100000\" cvRef=\"PSI-MS\" unitAccession=\"UO:0000221\" unitName=\"dalton\" unitCvRef=\"UO\" />",
                "<cvParam accession=\"MS:1001413\" name=\"search tolerance minus value\" value=\"0.100000\" cvRef=\"PSI-MS\" unitAccession=\"UO:0000221\" unitName=\"dalton\" unitCvRef=\"UO\" />",
                "</FragmentTolerance>",
                "<ParentTolerance>",
                "<cvParam cvRef=\"PSI-MS\" accession=\"MS:1001412\" name=\"search tolerance plus value\" value=\"-20.000000\" unitAccession=\"UO:0000169\" unitName=\"parts per million\" unitCvRef=\"UO\"></cvParam>",
                "<cvParam cvRef=\"PSI-MS\" accession=\"MS:1001413\" name=\"search tolerance minus value\" value=\"20.000000\" unitAccession=\"UO:0000169\" unitName=\"parts per million\" unitCvRef=\"UO\"></cvParam>",
                "</ParentTolerance>",
                "<Threshold>",
                "<cvParam cvRef=\"PSI-MS\" accession=\"MS:1001494\" name=\"no threshold\" />",
                "</Threshold>",
                "</SpectrumIdentificationProtocol>",
                "</AnalysisProtocolCollection>"
            ]
        ],
        "timestamp": "2026-07-17T09:06:46.164976827",
        "meta": {
            "nf-test": "0.9.5",
            "nextflow": "26.04.3"
        }
    },
    "labelled-and-unlabelled-mzid-AnalysisProtocolCollection": {
        "content": [
            [
                [
                    "<AnalysisProtocolCollection>",
                    "<SpectrumIdentificationProtocol analysisSoftware_ref=\"Comet\" id=\"SIP\">",
                    "<SearchType>",
                    "<cvParam cvRef=\"PSI-MS\" accession=\"MS:1001083\" name=\"ms-ms search\" />",
                    "</SearchType>",
                    "<AdditionalSearchParams>",
                    "<cvParam cvRef=\"PSI-MS\" accession=\"MS:1001211\" name=\"parent mass type mono\" />",
                    "<cvParam cvRef=\"PSI-MS\" accession=\"MS:1001256\" name=\"fragment mass type mono\" />",
                    "<cvParam cvRef=\"PSI-MS\" accession=\"MS:1002495\" name=\"no special processing\" />",
                    "<userParam name=\"# comet_version\" value=\"2026.01 rev. 1\" />",
                    "<userParam name=\"activation_method\" value=\"ALL\" />",
                    "<userParam name=\"add_A_alanine\" value=\"0.000000\" />",
                    "<userParam name=\"add_B_user_amino_acid\" value=\"0.000000\" />",
                    "<userParam name=\"add_C_cysteine\" value=\"57.021464\" />",
                    "<userParam name=\"add_Cterm_peptide\" value=\"0.000000\" />",
                    "<userParam name=\"add_Cterm_protein\" value=\"0.000000\" />",
                    "<userParam name=\"add_D_aspartic_acid\" value=\"0.000000\" />",
                    "<userParam name=\"add_E_glutamic_acid\" value=\"0.000000\" />",
                    "<userParam name=\"add_F_phenylalanine\" value=\"0.000000\" />",
                    "<userParam name=\"add_G_glycine\" value=\"0.000000\" />",
                    "<userParam name=\"add_H_histidine\" value=\"0.000000\" />",
                    "<userParam name=\"add_I_isoleucine\" value=\"0.000000\" />",
                    "<userParam name=\"add_J_user_amino_acid\" value=\"0.000000\" />",
                    "<userParam name=\"add_K_lysine\" value=\"8.014199\" />",
                    "<userParam name=\"add_L_leucine\" value=\"0.000000\" />",
                    "<userParam name=\"add_M_methionine\" value=\"0.000000\" />",
                    "<userParam name=\"add_N_asparagine\" value=\"0.000000\" />",
                    "<userParam name=\"add_Nterm_peptide\" value=\"0.000000\" />",
                    "<userParam name=\"add_Nterm_protein\" value=\"0.000000\" />",
                    "<userParam name=\"add_O_pyrrolysine\" value=\"0.000000\" />",
                    "<userParam name=\"add_P_proline\" value=\"0.000000\" />",
                    "<userParam name=\"add_Q_glutamine\" value=\"0.000000\" />",
                    "<userParam name=\"add_R_arginine\" value=\"10.008269\" />",
                    "<userParam name=\"add_S_serine\" value=\"0.000000\" />",
                    "<userParam name=\"add_T_threonine\" value=\"0.000000\" />",
                    "<userParam name=\"add_U_selenocysteine\" value=\"0.000000\" />",
                    "<userParam name=\"add_V_valine\" value=\"0.000000\" />",
                    "<userParam name=\"add_W_tryptophan\" value=\"0.000000\" />",
                    "<userParam name=\"add_X_user_amino_acid\" value=\"0.000000\" />",
                    "<userParam name=\"add_Y_tyrosine\" value=\"0.000000\" />",
                    "<userParam name=\"add_Z_user_amino_acid\" value=\"0.000000\" />",
                    "<userParam name=\"allowed_missed_cleavage\" value=\"2\" />",
                    "<userParam name=\"clear_mz_range\" value=\"0.000000 0.000000\" />",
                    "<userParam name=\"clip_nterm_methionine\" value=\"0\" />",
                    "<userParam name=\"database_name\" value=\"yeast_UPS_decoy.fasta\" />",
                    "<userParam name=\"decoy_prefix\" value=\"DECOY_\" />",
                    "<userParam name=\"decoy_search\" value=\"0\" />",
                    "<userParam name=\"digest_mass_range\" value=\"600.000000 5000.000000\" />",
                    "<userParam name=\"equal_I_and_L\" value=\"0\" />",
                    "<userParam name=\"fragment_bin_offset\" value=\"0.000000\" />",
                    "<userParam name=\"fragment_bin_tol\" value=\"0.200000\" />",
                    "<userParam name=\"isotope_error\" value=\"2\" />",
                    "<userParam name=\"mass_offsets\" value=\"\" />",
                    "<userParam name=\"max_duplicate_proteins\" value=\"-1\" />",
                    "<userParam name=\"max_fragment_charge\" value=\"3\" />",
                    "<userParam name=\"max_precursor_charge\" value=\"6\" />",
                    "<userParam name=\"max_variable_mods_in_peptide\" value=\"5\" />",
                    "<userParam name=\"min_precursor_charge\" value=\"1\" />",
                    "<userParam name=\"minimum_intensity\" value=\"0.000000\" />",
                    "<userParam name=\"minimum_peaks\" value=\"10\" />",
                    "<userParam name=\"ms_level\" value=\"2\" />",
                    "<userParam name=\"num_enzyme_termini\" value=\"2\" />",
                    "<userParam name=\"num_output_lines\" value=\"1\" />",
                    "<userParam name=\"num_threads\" value=\"4\" />",
                    "<userParam name=\"output_mzidentmlfile\" value=\"1\" />",
                    "<userParam name=\"output_pepxmlfile\" value=\"0\" />",
                    "<userParam name=\"output_percolatorfile\" value=\"0\" />",
                    "<userParam name=\"output_sqtfile\" value=\"0\" />",
                    "<userParam name=\"output_txtfile\" value=\"0\" />",
                    "<userParam name=\"override_charge\" value=\"0\" />",
                    "<userParam name=\"peptide_length_range\" value=\"5 50\" />",
                    "<userParam name=\"peptide_mass_tolerance_lower\" value=\"-20.000000\" />",
                    "<userParam name=\"peptide_mass_tolerance_upper\" value=\"20.000000\" />",
                    "<userParam name=\"peptide_mass_units\" value=\"2\" />",
                    "<userParam name=\"percentage_base_peak\" value=\"0.000000\" />",
                    "<userParam name=\"precursor_charge\" value=\"0 0\" />",
                    "<userParam name=\"precursor_tolerance_type\" value=\"1\" />",
                    "<userParam name=\"remove_precursor_peak\" value=\"0\" />",
                    "<userParam name=\"remove_precursor_tolerance\" value=\"1.500000\" />",
                    "<userParam name=\"require_variable_mod\" value=\"0\" />",
                    "<userParam name=\"sample_enzyme_number\" value=\"1\" />",
                    "<userParam name=\"scan_range\" value=\"0 0\" />",
                    "<userParam name=\"search_enzyme2_number\" value=\"0\" />",
                    "<userParam name=\"search_enzyme_number\" value=\"1\" />",
                    "<userParam name=\"spectrum_batch_size\" value=\"15000\" />",
                    "<userParam name=\"theoretical_fragment_ions\" value=\"0\" />",
                    "<userParam name=\"use_A_ions\" value=\"0\" />",
                    "<userParam name=\"use_B_ions\" value=\"1\" />",
                    "<userParam name=\"use_C_ions\" value=\"0\" />",
                    "<userParam name=\"use_NL_ions\" value=\"0\" />",
                    "<userParam name=\"use_X_ions\" value=\"0\" />",
                    "<userParam name=\"use_Y_ions\" value=\"1\" />",
                    "<userParam name=\"use_Z1_ions\" value=\"0\" />",
                    "<userParam name=\"use_Z_ions\" value=\"0\" />",
                    "<userParam name=\"variable_mod01\" value=\" 15.9949 M 0 3 -1 0 0 0.0\" />",
                    "<userParam name=\"variable_mod02\" value=\" 0.0 X 0 3 -1 0 0 0.0\" />",
                    "<userParam name=\"variable_mod03\" value=\" 0.0 X 0 3 -1 0 0 0.0\" />",
                    "<userParam name=\"variable_mod04\" value=\" 0.0 X 0 3 -1 0 0 0.0\" />",
                    "<userParam name=\"variable_mod05\" value=\" 0.0 X 0 3 -1 0 0 0.0\" />",
                    "</AdditionalSearchParams>",
                    "<ModificationParams>",
                    "<SearchModification residues=\"C\" massDelta=\"57.021464\" fixedMod= \"true\" >",
                    "<cvParam cvRef=\"UNIMOD\" accession=\"UNIMOD:4\" name=\"Carbamidomethyl\" />",
                    "</SearchModification>",
                    "<SearchModification residues=\"K\" massDelta=\"8.014199\" fixedMod= \"true\" >",
                    "<cvParam cvRef=\"PSI-MS\" accession=\"MS:1001460\" name=\"unknown modification\" />",
                    "</SearchModification>",
                    "<SearchModification residues=\"R\" massDelta=\"10.008269\" fixedMod= \"true\" >",
                    "<cvParam cvRef=\"PSI-MS\" accession=\"MS:1001460\" name=\"unknown modification\" />",
                    "</SearchModification>",
                    "<SearchModification residues=\"M\" massDelta=\"15.994900\" fixedMod= \"false\" >",
                    "<cvParam cvRef=\"UNIMOD\" accession=\"UNIMOD:35\" name=\"Oxidation\" />",
                    "</SearchModification>",
                    "</ModificationParams>",
                    "<Enzymes>",
                    "<Enzyme id=\"ENZ\"  missedCleavages=\"2\" semiSpecific=\"false\">",
                    "<SiteRegexp>((?&lt;=[KR])(?!P))</SiteRegexp>",
                    "<EnzymeName>",
                    "<cvParam cvRef=\"PSI-MS\" accession=\"MS:1001251\" name=\"Trypsin\"/>",
                    "</EnzymeName>",
                    "</Enzyme>",
                    "</Enzymes>",
                    "<MassTable id=\"MT\" msLevel=\"1 2\">",
                    "<Residue code=\"A\" mass=\"71.037114\" />",
                    "<Residue code=\"C\" mass=\"103.009185\" />",
                    "<Residue code=\"D\" mass=\"115.026943\" />",
                    "<Residue code=\"E\" mass=\"129.042593\" />",
                    "<Residue code=\"F\" mass=\"147.068414\" />",
                    "<Residue code=\"G\" mass=\"57.021464\" />",
                    "<Residue code=\"H\" mass=\"137.058912\" />",
                    "<Residue code=\"I\" mass=\"113.084064\" />",
                    "<Residue code=\"K\" mass=\"128.094963\" />",
                    "<Residue code=\"L\" mass=\"113.084064\" />",
                    "<Residue code=\"M\" mass=\"131.040485\" />",
                    "<Residue code=\"N\" mass=\"114.042927\" />",
                    "<Residue code=\"O\" mass=\"237.147727\" />",
                    "<Residue code=\"P\" mass=\"97.052764\" />",
                    "<Residue code=\"Q\" mass=\"128.058578\" />",
                    "<Residue code=\"R\" mass=\"156.101111\" />",
                    "<Residue code=\"S\" mass=\"87.032028\" />",
                    "<Residue code=\"T\" mass=\"101.047679\" />",
                    "<Residue code=\"U\" mass=\"150.953633\" />",
                    "<Residue code=\"V\" mass=\"99.068414\" />",
                    "<Residue code=\"W\" mass=\"186.079313\" />",
                    "<Residue code=\"Y\" mass=\"163.063329\" />",
                    "</MassTable>",
                    "<FragmentTolerance>",
                    "<cvParam accession=\"MS:1001412\" name=\"search tolerance plus value\" value=\"0.100000\" cvRef=\"PSI-MS\" unitAccession=\"UO:0000221\" unitName=\"dalton\" unitCvRef=\"UO\" />",
                    "<cvParam accession=\"MS:1001413\" name=\"search tolerance minus value\" value=\"0.100000\" cvRef=\"PSI-MS\" unitAccession=\"UO:0000221\" unitName=\"dalton\" unitCvRef=\"UO\" />",
                    "</FragmentTolerance>",
                    "<ParentTolerance>",
                    "<cvParam cvRef=\"PSI-MS\" accession=\"MS:1001412\" name=\"search tolerance plus value\" value=\"-20.000000\" unitAccession=\"UO:0000169\" unitName=\"parts per million\" unitCvRef=\"UO\"></cvParam>",
                    "<cvParam cvRef=\"PSI-MS\" accession=\"MS:1001413\" name=\"search tolerance minus value\" value=\"20.000000\" unitAccession=\"UO:0000169\" unitName=\"parts per million\" unitCvRef=\"UO\"></cvParam>",
                    "</ParentTolerance>",
                    "<Threshold>",
                    "<cvParam cvRef=\"PSI-MS\" accession=\"MS:1001494\" name=\"no threshold\" />",
                    "</Threshold>",
                    "</SpectrumIdentificationProtocol>",
                    "</AnalysisProtocolCollection>"
                ],
                [
                    "<AnalysisProtocolCollection>",
                    "<SpectrumIdentificationProtocol analysisSoftware_ref=\"Comet\" id=\"SIP\">",
                    "<SearchType>",
                    "<cvParam cvRef=\"PSI-MS\" accession=\"MS:1001083\" name=\"ms-ms search\" />",
                    "</SearchType>",
                    "<AdditionalSearchParams>",
                    "<cvParam cvRef=\"PSI-MS\" accession=\"MS:1001211\" name=\"parent mass type mono\" />",
                    "<cvParam cvRef=\"PSI-MS\" accession=\"MS:1001256\" name=\"fragment mass type mono\" />",
                    "<cvParam cvRef=\"PSI-MS\" accession=\"MS:1002495\" name=\"no special processing\" />",
                    "<userParam name=\"# comet_version\" value=\"2026.01 rev. 1\" />",
                    "<userParam name=\"activation_method\" value=\"ALL\" />",
                    "<userParam name=\"add_A_alanine\" value=\"0.000000\" />",
                    "<userParam name=\"add_B_user_amino_acid\" value=\"0.000000\" />",
                    "<userParam name=\"add_C_cysteine\" value=\"57.021464\" />",
                    "<userParam name=\"add_Cterm_peptide\" value=\"0.000000\" />",
                    "<userParam name=\"add_Cterm_protein\" value=\"0.000000\" />",
                    "<userParam name=\"add_D_aspartic_acid\" value=\"0.000000\" />",
                    "<userParam name=\"add_E_glutamic_acid\" value=\"0.000000\" />",
                    "<userParam name=\"add_F_phenylalanine\" value=\"0.000000\" />",
                    "<userParam name=\"add_G_glycine\" value=\"0.000000\" />",
                    "<userParam name=\"add_H_histidine\" value=\"0.000000\" />",
                    "<userParam name=\"add_I_isoleucine\" value=\"0.000000\" />",
                    "<userParam name=\"add_J_user_amino_acid\" value=\"0.000000\" />",
                    "<userParam name=\"add_K_lysine\" value=\"0.000000\" />",
                    "<userParam name=\"add_L_leucine\" value=\"0.000000\" />",
                    "<userParam name=\"add_M_methionine\" value=\"0.000000\" />",
                    "<userParam name=\"add_N_asparagine\" value=\"0.000000\" />",
                    "<userParam name=\"add_Nterm_peptide\" value=\"0.000000\" />",
                    "<userParam name=\"add_Nterm_protein\" value=\"0.000000\" />",
                    "<userParam name=\"add_O_pyrrolysine\" value=\"0.000000\" />",
                    "<userParam name=\"add_P_proline\" value=\"0.000000\" />",
                    "<userParam name=\"add_Q_glutamine\" value=\"0.000000\" />",
                    "<userParam name=\"add_R_arginine\" value=\"0.000000\" />",
                    "<userParam name=\"add_S_serine\" value=\"0.000000\" />",
                    "<userParam name=\"add_T_threonine\" value=\"0.000000\" />",
                    "<userParam name=\"add_U_selenocysteine\" value=\"0.000000\" />",
                    "<userParam name=\"add_V_valine\" value=\"0.000000\" />",
                    "<userParam name=\"add_W_tryptophan\" value=\"0.000000\" />",
                    "<userParam name=\"add_X_user_amino_acid\" value=\"0.000000\" />",
                    "<userParam name=\"add_Y_tyrosine\" value=\"0.000000\" />",
                    "<userParam name=\"add_Z_user_amino_acid\" value=\"0.000000\" />",
                    "<userParam name=\"allowed_missed_cleavage\" value=\"2\" />",
                    "<userParam name=\"clear_mz_range\" value=\"0.000000 0.000000\" />",
                    "<userParam name=\"clip_nterm_methionine\" value=\"0\" />",
                    "<userParam name=\"database_name\" value=\"yeast_UPS_decoy.fasta\" />",
                    "<userParam name=\"decoy_prefix\" value=\"DECOY_\" />",
                    "<userParam name=\"decoy_search\" value=\"0\" />",
                    "<userParam name=\"digest_mass_range\" value=\"600.000000 5000.000000\" />",
                    "<userParam name=\"equal_I_and_L\" value=\"0\" />",
                    "<userParam name=\"fragment_bin_offset\" value=\"0.000000\" />",
                    "<userParam name=\"fragment_bin_tol\" value=\"0.200000\" />",
                    "<userParam name=\"isotope_error\" value=\"2\" />",
                    "<userParam name=\"mass_offsets\" value=\"\" />",
                    "<userParam name=\"max_duplicate_proteins\" value=\"-1\" />",
                    "<userParam name=\"max_fragment_charge\" value=\"3\" />",
                    "<userParam name=\"max_precursor_charge\" value=\"6\" />",
                    "<userParam name=\"max_variable_mods_in_peptide\" value=\"5\" />",
                    "<userParam name=\"min_precursor_charge\" value=\"1\" />",
                    "<userParam name=\"minimum_intensity\" value=\"0.000000\" />",
                    "<userParam name=\"minimum_peaks\" value=\"10\" />",
                    "<userParam name=\"ms_level\" value=\"2\" />",
                    "<userParam name=\"num_enzyme_termini\" value=\"2\" />",
                    "<userParam name=\"num_output_lines\" value=\"1\" />",
                    "<userParam name=\"num_threads\" value=\"4\" />",
                    "<userParam name=\"output_mzidentmlfile\" value=\"1\" />",
                    "<userParam name=\"output_pepxmlfile\" value=\"0\" />",
                    "<userParam name=\"output_percolatorfile\" value=\"0\" />",
                    "<userParam name=\"output_sqtfile\" value=\"0\" />",
                    "<userParam name=\"output_txtfile\" value=\"0\" />",
                    "<userParam name=\"override_charge\" value=\"0\" />",
                    "<userParam name=\"peptide_length_range\" value=\"5 50\" />",
                    "<userParam name=\"peptide_mass_tolerance_lower\" value=\"-20.000000\" />",
                    "<userParam name=\"peptide_mass_tolerance_upper\" value=\"20.000000\" />",
                    "<userParam name=\"peptide_mass_units\" value=\"2\" />",
                    "<userParam name=\"percentage_base_peak\" value=\"0.000000\" />",
                    "<userParam name=\"precursor_charge\" value=\"0 0\" />",
                    "<userParam name=\"precursor_tolerance_type\" value=\"1\" />",
                    "<userParam name=\"remove_precursor_peak\" value=\"0\" />",
                    "<userParam name=\"remove_precursor_tolerance\" value=\"1.500000\" />",
                    "<userParam name=\"require_variable_mod\" value=\"0\" />",
                    "<userParam name=\"sample_enzyme_number\" value=\"1\" />",
                    "<userParam name=\"scan_range\" value=\"0 0\" />",
                    "<userParam name=\"search_enzyme2_number\" value=\"0\" />",
                    "<userParam name=\"search_enzyme_number\" value=\"1\" />",
                    "<userParam name=\"spectrum_batch_size\" value=\"15000\" />",
                    "<userParam name=\"theoretical_fragment_ions\" value=\"0\" />",
                    "<userParam name=\"use_A_ions\" value=\"0\" />",
                    "<userParam name=\"use_B_ions\" value=\"1\" />",
                    "<userParam name=\"use_C_ions\" value=\"0\" />",
                    "<userParam name=\"use_NL_ions\" value=\"0\" />",
                    "<userParam name=\"use_X_ions\" value=\"0\" />",
                    "<userParam name=\"use_Y_ions\" value=\"1\" />",
                    "<userParam name=\"use_Z1_ions\" value=\"0\" />",
                    "<userParam name=\"use_Z_ions\" value=\"0\" />",
                    "<userParam name=\"variable_mod01\" value=\" 15.9949 M 0 3 -1 0 0 0.0\" />",
                    "<userParam name=\"variable_mod02\" value=\" 0.0 X 0 3 -1 0 0 0.0\" />",
                    "<userParam name=\"variable_mod03\" value=\" 0.0 X 0 3 -1 0 0 0.0\" />",
                    "<userParam name=\"variable_mod04\" value=\" 0.0 X 0 3 -1 0 0 0.0\" />",
                    "<userParam name=\"variable_mod05\" value=\" 0.0 X 0 3 -1 0 0 0.0\" />",
                    "</AdditionalSearchParams>",
                    "<ModificationParams>",
                    "<SearchModification residues=\"C\" massDelta=\"57.021464\" fixedMod= \"true\" >",
                    "<cvParam cvRef=\"UNIMOD\" accession=\"UNIMOD:4\" name=\"Carbamidomethyl\" />",
                    "</SearchModification>",
                    "<SearchModification residues=\"M\" massDelta=\"15.994900\" fixedMod= \"false\" >",
                    "<cvParam cvRef=\"UNIMOD\" accession=\"UNIMOD:35\" name=\"Oxidation\" />",
                    "</SearchModification>",
                    "</ModificationParams>",
                    "<Enzymes>",
                    "<Enzyme id=\"ENZ\"  missedCleavages=\"2\" semiSpecific=\"false\">",
                    "<SiteRegexp>((?&lt;=[KR])(?!P))</SiteRegexp>",
                    "<EnzymeName>",
                    "<cvParam cvRef=\"PSI-MS\" accession=\"MS:1001251\" name=\"Trypsin\"/>",
                    "</EnzymeName>",
                    "</Enzyme>",
                    "</Enzymes>",
                    "<MassTable id=\"MT\" msLevel=\"1 2\">",
                    "<Residue code=\"A\" mass=\"71.037114\" />",
                    "<Residue code=\"C\" mass=\"103.009185\" />",
                    "<Residue code=\"D\" mass=\"115.026943\" />",
                    "<Residue code=\"E\" mass=\"129.042593\" />",
                    "<Residue code=\"F\" mass=\"147.068414\" />",
                    "<Residue code=\"G\" mass=\"57.021464\" />",
                    "<Residue code=\"H\" mass=\"137.058912\" />",
                    "<Residue code=\"I\" mass=\"113.084064\" />",
                    "<Residue code=\"K\" mass=\"128.094963\" />",
                    "<Residue code=\"L\" mass=\"113.084064\" />",
                    "<Residue code=\"M\" mass=\"131.040485\" />",
                    "<Residue code=\"N\" mass=\"114.042927\" />",
                    "<Residue code=\"O\" mass=\"237.147727\" />",
                    "<Residue code=\"P\" mass=\"97.052764\" />",
                    "<Residue code=\"Q\" mass=\"128.058578\" />",
                    "<Residue code=\"R\" mass=\"156.101111\" />",
                    "<Residue code=\"S\" mass=\"87.032028\" />",
                    "<Residue code=\"T\" mass=\"101.047679\" />",
                    "<Residue code=\"U\" mass=\"150.953633\" />",
                    "<Residue code=\"V\" mass=\"99.068414\" />",
                    "<Residue code=\"W\" mass=\"186.079313\" />",
                    "<Residue code=\"Y\" mass=\"163.063329\" />",
                    "</MassTable>",
                    "<FragmentTolerance>",
                    "<cvParam accession=\"MS:1001412\" name=\"search tolerance plus value\" value=\"0.100000\" cvRef=\"PSI-MS\" unitAccession=\"UO:0000221\" unitName=\"dalton\" unitCvRef=\"UO\" />",
                    "<cvParam accession=\"MS:1001413\" name=\"search tolerance minus value\" value=\"0.100000\" cvRef=\"PSI-MS\" unitAccession=\"UO:0000221\" unitName=\"dalton\" unitCvRef=\"UO\" />",
                    "</FragmentTolerance>",
                    "<ParentTolerance>",
                    "<cvParam cvRef=\"PSI-MS\" accession=\"MS:1001412\" name=\"search tolerance plus value\" value=\"-20.000000\" unitAccession=\"UO:0000169\" unitName=\"parts per million\" unitCvRef=\"UO\"></cvParam>",
                    "<cvParam cvRef=\"PSI-MS\" accession=\"MS:1001413\" name=\"search tolerance minus value\" value=\"20.000000\" unitAccession=\"UO:0000169\" unitName=\"parts per million\" unitCvRef=\"UO\"></cvParam>",
                    "</ParentTolerance>",
                    "<Threshold>",
                    "<cvParam cvRef=\"PSI-MS\" accession=\"MS:1001494\" name=\"no threshold\" />",
                    "</Threshold>",
                    "</SpectrumIdentificationProtocol>",
                    "</AnalysisProtocolCollection>"
                ]
            ]
        ],
        "timestamp": "2026-07-17T09:06:56.560145687",
        "meta": {
            "nf-test": "0.9.5",
            "nextflow": "26.04.3"
        }
    },
    "labelled-and-unlabelled-comet-params-file": {
        "content": [
            [
                "test-mzmlraw-labelled.comet.params:md5,4e513d5872c1d4ccf375995b85cb30b4",
                "test-mzmlraw-unlabelled.comet.params:md5,7822f70c1989221693a4903e7f9a3b6b"
            ]
        ],
        "timestamp": "2026-07-17T09:06:56.460458695",
        "meta": {
            "nf-test": "0.9.5",
            "nextflow": "26.04.3"
        }
    },
    "comet-params-file": {
        "content": [
            "test-mzmlraw-unlabelled.comet.params:md5,7822f70c1989221693a4903e7f9a3b6b"
        ],
        "timestamp": "2026-07-17T09:06:46.05395568",
        "meta": {
            "nf-test": "0.9.5",
            "nextflow": "26.04.3"
        }
    },
    "labelled-and-unlabelled-mzid-filename-and-elementcount": {
        "content": [
            [
                [
                    "test-mzmlraw-labelled.mzid",
                    499,
                    529
                ],
                [
                    "test-mzmlraw-unlabelled.mzid",
                    458,
                    438
                ]
            ]
        ],
        "timestamp": "2026-07-17T09:06:56.531456445",
        "meta": {
            "nf-test": "0.9.5",
            "nextflow": "26.04.3"
        }
    }
}