{
    "tdf2mzml - small d sample": {
        "content": [
            6849
        ],
        "timestamp": "2026-06-19T15:37:31.154682093",
        "meta": {
            "nf-test": "0.9.5",
            "nextflow": "26.04.3"
        }
    },
    "tdf2mzml - small d sample - stub": {
        "content": [
            {
                "0": [
                    [
                        {
                            "id": "sample_small_d"
                        },
                        "sample_small_d.mzML:md5,d41d8cd98f00b204e9800998ecf8427e"
                    ]
                ],
                "1": [
                    [
                        "TDF2MZML",
                        "tdf2mzml",
                        "0.4"
                    ]
                ],
                "spectra": [
                    [
                        {
                            "id": "sample_small_d"
                        },
                        "sample_small_d.mzML:md5,d41d8cd98f00b204e9800998ecf8427e"
                    ]
                ],
                "versions_tdf2mzml": [
                    [
                        "TDF2MZML",
                        "tdf2mzml",
                        "0.4"
                    ]
                ]
            }
        ],
        "timestamp": "2026-06-19T15:42:46.112705315",
        "meta": {
            "nf-test": "0.9.5",
            "nextflow": "26.04.3"
        }
    }
}