{
    "brukermetricsextraction - simple dotd folder": {
        "content": [
            {
                "0": [
                    [
                        {
                            "id": "50fmol_BSA_S1-A2_1_32.d"
                        },
                        "50fmol_BSA_S1-A2_1_32.d.bruker_metrics.hdf5:md5,4ec90e58243e9f573d5c872805acf58f"
                    ]
                ],
                "1": [
                    "versions.yml:md5,eaa9557da52acd63450395dd641b6e3f"
                ],
                "hdf5": [
                    [
                        {
                            "id": "50fmol_BSA_S1-A2_1_32.d"
                        },
                        "50fmol_BSA_S1-A2_1_32.d.bruker_metrics.hdf5:md5,4ec90e58243e9f573d5c872805acf58f"
                    ]
                ],
                "versions": [
                    "versions.yml:md5,eaa9557da52acd63450395dd641b6e3f"
                ]
            },
            {
                "versions": [
                    "versions.yml:md5,eaa9557da52acd63450395dd641b6e3f"
                ]
            }
        ],
        "timestamp": "2026-09-29T12:00:19.609742247",
        "meta": {
            "nf-test": "0.9.5",
            "nextflow": "26.04.6"
        }
    },
    "brukermetricsextraction - simple dotd folder - stub": {
        "content": [
            {
                "0": [
                    [
                        {
                            "id": "50fmol_BSA_S1-A2_1_32.d"
                        },
                        "50fmol_BSA_S1-A2_1_32.d.bruker_metrics.hdf5:md5,d41d8cd98f00b204e9800998ecf8427e"
                    ]
                ],
                "1": [
                    "versions.yml:md5,eaa9557da52acd63450395dd641b6e3f"
                ],
                "hdf5": [
                    [
                        {
                            "id": "50fmol_BSA_S1-A2_1_32.d"
                        },
                        "50fmol_BSA_S1-A2_1_32.d.bruker_metrics.hdf5:md5,d41d8cd98f00b204e9800998ecf8427e"
                    ]
                ],
                "versions": [
                    "versions.yml:md5,eaa9557da52acd63450395dd641b6e3f"
                ]
            }
        ],
        "timestamp": "2026-09-29T12:00:36.924917281",
        "meta": {
            "nf-test": "0.9.5",
            "nextflow": "26.04.6"
        }
    }
}