{
    "brukermetricsextraction - simple dotd folder": {
        "content": [
            {
                "0": [
                    [
                        {
                            "id": "50fmol_BSA_S1-A2_1_32.d"
                        },
                        "50fmol_BSA_S1-A2_1_32.d.bruker_metrics.hdf5:md5,4ec90e58243e9f573d5c872805acf58f"
                    ]
                ],
                "1": [
                    [
                        "BRUKERMETRICSEXTRACTION",
                        "macproqc_helpers",
                        "0.0.1 (commit 604eac1491d98bfaf916bad3758a97968200058b)"
                    ]
                ],
                "hdf5": [
                    [
                        {
                            "id": "50fmol_BSA_S1-A2_1_32.d"
                        },
                        "50fmol_BSA_S1-A2_1_32.d.bruker_metrics.hdf5:md5,4ec90e58243e9f573d5c872805acf58f"
                    ]
                ],
                "versions_macproqc_helpers": [
                    [
                        "BRUKERMETRICSEXTRACTION",
                        "macproqc_helpers",
                        "0.0.1 (commit 604eac1491d98bfaf916bad3758a97968200058b)"
                    ]
                ]
            },
            {
                "versions_macproqc_helpers": [
                    [
                        "BRUKERMETRICSEXTRACTION",
                        "macproqc_helpers",
                        "0.0.1 (commit 604eac1491d98bfaf916bad3758a97968200058b)"
                    ]
                ]
            }
        ],
        "timestamp": "2026-10-01T13:35:48.136852996",
        "meta": {
            "nf-test": "0.9.5",
            "nextflow": "26.04.6"
        }
    },
    "brukermetricsextraction - simple dotd folder - stub": {
        "content": [
            {
                "0": [
                    [
                        {
                            "id": "50fmol_BSA_S1-A2_1_32.d"
                        },
                        "50fmol_BSA_S1-A2_1_32.d.bruker_metrics.hdf5:md5,d41d8cd98f00b204e9800998ecf8427e"
                    ]
                ],
                "1": [
                    [
                        "BRUKERMETRICSEXTRACTION",
                        "macproqc_helpers",
                        "0.0.1 (commit 604eac1491d98bfaf916bad3758a97968200058b)"
                    ]
                ],
                "hdf5": [
                    [
                        {
                            "id": "50fmol_BSA_S1-A2_1_32.d"
                        },
                        "50fmol_BSA_S1-A2_1_32.d.bruker_metrics.hdf5:md5,d41d8cd98f00b204e9800998ecf8427e"
                    ]
                ],
                "versions_macproqc_helpers": [
                    [
                        "BRUKERMETRICSEXTRACTION",
                        "macproqc_helpers",
                        "0.0.1 (commit 604eac1491d98bfaf916bad3758a97968200058b)"
                    ]
                ]
            }
        ],
        "timestamp": "2026-10-01T13:36:05.774182682",
        "meta": {
            "nf-test": "0.9.5",
            "nextflow": "26.04.6"
        }
    }
}