{
    "spikeinmetricsextraction - json - identifications - csv": {
        "content": [
            {
                "0": [
                    [
                        {
                            "id": "test"
                        },
                        "test.spikein_metrics.hdf5:md5,fe02e95fabe77cbee7db281b8794a9b2"
                    ]
                ],
                "1": [
                    "versions.yml:md5,05ef5026518082bf6fae58722d409d88"
                ],
                "hdf5": [
                    [
                        {
                            "id": "test"
                        },
                        "test.spikein_metrics.hdf5:md5,fe02e95fabe77cbee7db281b8794a9b2"
                    ]
                ],
                "versions": [
                    "versions.yml:md5,05ef5026518082bf6fae58722d409d88"
                ]
            },
            {
                "versions": [
                    "versions.yml:md5,05ef5026518082bf6fae58722d409d88"
                ]
            }
        ],
        "timestamp": "2026-09-29T12:06:52.011600312",
        "meta": {
            "nf-test": "0.9.5",
            "nextflow": "26.04.6"
        }
    },
    "spikeinmetricsextraction - json - identifications - csv - stub": {
        "content": [
            {
                "0": [
                    [
                        {
                            "id": "test"
                        },
                        "test.spikein_metrics.hdf5:md5,d41d8cd98f00b204e9800998ecf8427e"
                    ]
                ],
                "1": [
                    "versions.yml:md5,05ef5026518082bf6fae58722d409d88"
                ],
                "hdf5": [
                    [
                        {
                            "id": "test"
                        },
                        "test.spikein_metrics.hdf5:md5,d41d8cd98f00b204e9800998ecf8427e"
                    ]
                ],
                "versions": [
                    "versions.yml:md5,05ef5026518082bf6fae58722d409d88"
                ]
            }
        ],
        "timestamp": "2026-09-29T12:07:09.170888731",
        "meta": {
            "nf-test": "0.9.5",
            "nextflow": "26.04.6"
        }
    }
}