{
    "spikeinmetricsextraction - json - identifications - csv": {
        "content": [
            {
                "0": [
                    [
                        {
                            "id": "test"
                        },
                        "test.spikein_metrics.hdf5:md5,fe02e95fabe77cbee7db281b8794a9b2"
                    ]
                ],
                "1": [
                    [
                        "SPIKEINMETRICSEXTRACTION",
                        "macproqc_helpers",
                        "0.0.1 (commit 604eac1491d98bfaf916bad3758a97968200058b)"
                    ]
                ],
                "hdf5": [
                    [
                        {
                            "id": "test"
                        },
                        "test.spikein_metrics.hdf5:md5,fe02e95fabe77cbee7db281b8794a9b2"
                    ]
                ],
                "versions_macproqc_helpers": [
                    [
                        "SPIKEINMETRICSEXTRACTION",
                        "macproqc_helpers",
                        "0.0.1 (commit 604eac1491d98bfaf916bad3758a97968200058b)"
                    ]
                ]
            },
            {
                "versions_macproqc_helpers": [
                    [
                        "SPIKEINMETRICSEXTRACTION",
                        "macproqc_helpers",
                        "0.0.1 (commit 604eac1491d98bfaf916bad3758a97968200058b)"
                    ]
                ]
            }
        ],
        "timestamp": "2026-10-01T13:38:39.682796991",
        "meta": {
            "nf-test": "0.9.5",
            "nextflow": "26.04.6"
        }
    },
    "spikeinmetricsextraction - json - identifications - csv - stub": {
        "content": [
            {
                "0": [
                    [
                        {
                            "id": "test"
                        },
                        "test.spikein_metrics.hdf5:md5,d41d8cd98f00b204e9800998ecf8427e"
                    ]
                ],
                "1": [
                    [
                        "SPIKEINMETRICSEXTRACTION",
                        "macproqc_helpers",
                        "0.0.1 (commit 604eac1491d98bfaf916bad3758a97968200058b)"
                    ]
                ],
                "hdf5": [
                    [
                        {
                            "id": "test"
                        },
                        "test.spikein_metrics.hdf5:md5,d41d8cd98f00b204e9800998ecf8427e"
                    ]
                ],
                "versions_macproqc_helpers": [
                    [
                        "SPIKEINMETRICSEXTRACTION",
                        "macproqc_helpers",
                        "0.0.1 (commit 604eac1491d98bfaf916bad3758a97968200058b)"
                    ]
                ]
            }
        ],
        "timestamp": "2026-10-01T13:38:55.781443039",
        "meta": {
            "nf-test": "0.9.5",
            "nextflow": "26.04.6"
        }
    }
}